Component: Arm Compiler for Embedded 6.19 Tool: armlink [5e73cb00]

==============================================================================

Section Cross References

    startup_stm32wb55xx_cm4.o(RESET) refers to startup_stm32wb55xx_cm4.o(STACK) for __initial_sp
    startup_stm32wb55xx_cm4.o(RESET) refers to startup_stm32wb55xx_cm4.o(.text) for Reset_Handler
    startup_stm32wb55xx_cm4.o(RESET) refers to stm32wbxx_it.o(.text.NMI_Handler) for NMI_Handler
    startup_stm32wb55xx_cm4.o(RESET) refers to stm32wbxx_it.o(.text.HardFault_Handler) for HardFault_Handler
    startup_stm32wb55xx_cm4.o(RESET) refers to stm32wbxx_it.o(.text.MemManage_Handler) for MemManage_Handler
    startup_stm32wb55xx_cm4.o(RESET) refers to stm32wbxx_it.o(.text.BusFault_Handler) for BusFault_Handler
    startup_stm32wb55xx_cm4.o(RESET) refers to stm32wbxx_it.o(.text.UsageFault_Handler) for UsageFault_Handler
    startup_stm32wb55xx_cm4.o(RESET) refers to stm32wbxx_it.o(.text.SVC_Handler) for SVC_Handler
    startup_stm32wb55xx_cm4.o(RESET) refers to stm32wbxx_it.o(.text.DebugMon_Handler) for DebugMon_Handler
    startup_stm32wb55xx_cm4.o(RESET) refers to stm32wbxx_it.o(.text.PendSV_Handler) for PendSV_Handler
    startup_stm32wb55xx_cm4.o(RESET) refers to stm32wbxx_it.o(.text.SysTick_Handler) for SysTick_Handler
    startup_stm32wb55xx_cm4.o(RESET) refers to stm32wbxx_it.o(.text.RTC_WKUP_IRQHandler) for RTC_WKUP_IRQHandler
    startup_stm32wb55xx_cm4.o(RESET) refers to stm32wbxx_it.o(.text.USB_LP_IRQHandler) for USB_LP_IRQHandler
    startup_stm32wb55xx_cm4.o(RESET) refers to stm32wbxx_it.o(.text.IPCC_C1_RX_IRQHandler) for IPCC_C1_RX_IRQHandler
    startup_stm32wb55xx_cm4.o(RESET) refers to stm32wbxx_it.o(.text.IPCC_C1_TX_IRQHandler) for IPCC_C1_TX_IRQHandler
    startup_stm32wb55xx_cm4.o(RESET) refers to stm32wbxx_it.o(.text.HSEM_IRQHandler) for HSEM_IRQHandler
    startup_stm32wb55xx_cm4.o(.text) refers to system_stm32wbxx.o(.text.SystemInit) for SystemInit
    startup_stm32wb55xx_cm4.o(.text) refers to entry.o(.ARM.Collect$$$$00000000) for __main
    main.o(.text.BNO055_I2C_bus_write) refers to i2c.o(.bss.hi2c1) for hi2c1
    main.o(.text.BNO055_I2C_bus_write) refers to stm32wbxx_hal_i2c.o(.text.HAL_I2C_Mem_Write) for HAL_I2C_Mem_Write
    main.o(.ARM.exidx.text.BNO055_I2C_bus_write) refers to main.o(.text.BNO055_I2C_bus_write) for [Anonymous Symbol]
    main.o(.text.BNO055_I2C_bus_read) refers to i2c.o(.bss.hi2c1) for hi2c1
    main.o(.text.BNO055_I2C_bus_read) refers to stm32wbxx_hal_i2c.o(.text.HAL_I2C_Mem_Read) for HAL_I2C_Mem_Read
    main.o(.ARM.exidx.text.BNO055_I2C_bus_read) refers to main.o(.text.BNO055_I2C_bus_read) for [Anonymous Symbol]
    main.o(.text.BNO055_delay_msec) refers to app_entry.o(.text.HAL_Delay) for HAL_Delay
    main.o(.ARM.exidx.text.BNO055_delay_msec) refers to main.o(.text.BNO055_delay_msec) for [Anonymous Symbol]
    main.o(.text.read_sensor) refers to bno055.o(.text.bno055_read_euler_hrp) for bno055_read_euler_hrp
    main.o(.text.read_sensor) refers to bno055.o(.text.bno055_read_accel_xyz) for bno055_read_accel_xyz
    main.o(.text.read_sensor) refers to bno055.o(.text.bno055_read_gyro_xyz) for bno055_read_gyro_xyz
    main.o(.text.read_sensor) refers to stm32wbxx_hal.o(.text.HAL_GetTick) for HAL_GetTick
    main.o(.ARM.exidx.text.read_sensor) refers to main.o(.text.read_sensor) for [Anonymous Symbol]
    main.o(.text.write_data_to_flash) refers to w25q.o(.text.W25Q01_SectorErase4K) for W25Q01_SectorErase4K
    main.o(.text.write_data_to_flash) refers to w25q.o(.text.W25Q01_PageProgram) for W25Q01_PageProgram
    main.o(.ARM.exidx.text.write_data_to_flash) refers to main.o(.text.write_data_to_flash) for [Anonymous Symbol]
    main.o(.text.main) refers to stm32wbxx_hal.o(.text.HAL_Init) for HAL_Init
    main.o(.text.main) refers to main.o(.text.SystemClock_Config) for SystemClock_Config
    main.o(.text.main) refers to memseta.o(.text) for __aeabi_memclr4
    main.o(.text.main) refers to stm32wbxx_hal_rcc_ex.o(.text.HAL_RCCEx_PeriphCLKConfig) for HAL_RCCEx_PeriphCLKConfig
    main.o(.text.main) refers to ipcc.o(.text.MX_IPCC_Init) for MX_IPCC_Init
    main.o(.text.main) refers to gpio.o(.text.MX_GPIO_Init) for MX_GPIO_Init
    main.o(.text.main) refers to adc.o(.text.MX_ADC1_Init) for MX_ADC1_Init
    main.o(.text.main) refers to i2c.o(.text.MX_I2C1_Init) for MX_I2C1_Init
    main.o(.text.main) refers to spi.o(.text.MX_SPI1_Init) for MX_SPI1_Init
    main.o(.text.main) refers to rtc.o(.text.MX_RTC_Init) for MX_RTC_Init
    main.o(.text.main) refers to rf.o(.text.MX_RF_Init) for MX_RF_Init
    main.o(.text.main) refers to app_entry.o(.text.MX_APPE_Config) for MX_APPE_Config
    main.o(.text.main) refers to app_entry.o(.text.MX_APPE_Init) for MX_APPE_Init
    main.o(.text.main) refers to usb_device.o(.text.MX_USB_Device_Init) for MX_USB_Device_Init
    main.o(.text.main) refers to app_entry.o(.text.HAL_Delay) for HAL_Delay
[...]
    HSEM_IRQHandler                          0x080040fd   Thumb Code     4  stm32wbxx_it.o(.text.HSEM_IRQHandler)
    HTS_Init                                 0x08004101   Thumb Code     2  svc_ctl.o(.text.HTS_Init)
    HW_IPCC_BLE_AclDataAckNot                0x08004105   Thumb Code    12  tl_mbox.o(.text.HW_IPCC_BLE_AclDataAckNot)
    HW_IPCC_BLE_Init                         0x08004111   Thumb Code    32  hw_ipcc.o(.text.HW_IPCC_BLE_Init)
    HW_IPCC_BLE_RxEvtNot                     0x08004131   Thumb Code    64  tl_mbox.o(.text.HW_IPCC_BLE_RxEvtNot)
    HW_IPCC_BLE_SendCmd                      0x08004171   Thumb Code    16  hw_ipcc.o(.text.HW_IPCC_BLE_SendCmd)
    HW_IPCC_Enable                           0x08004181   Thumb Code    76  hw_ipcc.o(.text.HW_IPCC_Enable)
    HW_IPCC_Init                             0x080041cd   Thumb Code    72  hw_ipcc.o(.text.HW_IPCC_Init)
    HW_IPCC_MM_SendFreeBuf                   0x08004215   Thumb Code    62  hw_ipcc.o(.text.HW_IPCC_MM_SendFreeBuf)
    HW_IPCC_Rx_Handler                       0x08004255   Thumb Code    76  hw_ipcc.o(.text.HW_IPCC_Rx_Handler)
    HW_IPCC_SYS_CmdEvtNot                    0x080042a1   Thumb Code    26  tl_mbox.o(.text.HW_IPCC_SYS_CmdEvtNot)
    HW_IPCC_SYS_EvtNot                       0x080042bd   Thumb Code    64  tl_mbox.o(.text.HW_IPCC_SYS_EvtNot)
    HW_IPCC_SYS_Init                         0x080042fd   Thumb Code    32  hw_ipcc.o(.text.HW_IPCC_SYS_Init)
    HW_IPCC_SYS_SendCmd                      0x0800431d   Thumb Code    38  hw_ipcc.o(.text.HW_IPCC_SYS_SendCmd)
    HW_IPCC_TRACES_EvtNot                    0x08004345   Thumb Code    56  tl_mbox.o(.text.HW_IPCC_TRACES_EvtNot)
    HW_IPCC_TRACES_Init                      0x0800437d   Thumb Code    32  hw_ipcc.o(.text.HW_IPCC_TRACES_Init)
    HW_IPCC_Tx_Handler                       0x0800439d   Thumb Code   158  hw_ipcc.o(.text.HW_IPCC_Tx_Handler)
    HW_TS_Create                             0x0800443d   Thumb Code   116  hw_timerserver.o(.text.HW_TS_Create)
    HW_TS_Init                               0x080044b1   Thumb Code   274  hw_timerserver.o(.text.HW_TS_Init)
    HW_TS_RTC_Int_AppNot                     0x080045c5   Thumb Code     2  hw_timerserver.o(.text.HW_TS_RTC_Int_AppNot)
    HW_TS_RTC_Wakeup_Handler                 0x080045c9   Thumb Code   300  hw_timerserver.o(.text.HW_TS_RTC_Wakeup_Handler)
    HW_TS_Start                              0x080046f5   Thumb Code   546  hw_timerserver.o(.text.HW_TS_Start)
    HW_TS_Stop                               0x08004919   Thumb Code   304  hw_timerserver.o(.text.HW_TS_Stop)
    HardFault_Handler                        0x08004a49   Thumb Code     2  stm32wbxx_it.o(.text.HardFault_Handler)
    IAS_Init                                 0x08004d99   Thumb Code     2  svc_ctl.o(.text.IAS_Init)
    IPCC_C1_RX_IRQHandler                    0x08004d9d   Thumb Code     4  stm32wbxx_it.o(.text.IPCC_C1_RX_IRQHandler)
    IPCC_C1_TX_IRQHandler                    0x08004da1   Thumb Code     4  stm32wbxx_it.o(.text.IPCC_C1_TX_IRQHandler)
    LLS_Init                                 0x08004da5   Thumb Code     2  svc_ctl.o(.text.LLS_Init)
    LST_init_head                            0x08004da9   Thumb Code     6  stm_list.o(.text.LST_init_head)
    LST_insert_head                          0x08004db1   Thumb Code    28  stm_list.o(.text.LST_insert_head)
    LST_insert_tail                          0x08004dcd   Thumb Code    28  stm_list.o(.text.LST_insert_tail)
    LST_is_empty                             0x08004de9   Thumb Code    26  stm_list.o(.text.LST_is_empty)
    LST_remove_head                          0x08004e05   Thumb Code    46  stm_list.o(.text.LST_remove_head)
    MESH_Init                                0x08004e35   Thumb Code     2  svc_ctl.o(.text.MESH_Init)
    MOTENV_STM_Init                          0x08004e39   Thumb Code     2  svc_ctl.o(.text.MOTENV_STM_Init)
    MX_ADC1_Init                             0x08004e3d   Thumb Code   118  adc.o(.text.MX_ADC1_Init)
    MX_APPE_Config                           0x08004eb5   Thumb Code    60  app_entry.o(.text.MX_APPE_Config)
    MX_APPE_Init                             0x08004ef1   Thumb Code   202  app_entry.o(.text.MX_APPE_Init)
    MX_GPIO_Init                             0x08004fbd   Thumb Code   238  gpio.o(.text.MX_GPIO_Init)
    MX_I2C1_Init                             0x080050ad   Thumb Code   108  i2c.o(.text.MX_I2C1_Init)
    MX_IPCC_Init                             0x08005119   Thumb Code    38  ipcc.o(.text.MX_IPCC_Init)
    MX_RF_Init                               0x08005141   Thumb Code     2  rf.o(.text.MX_RF_Init)
    MX_RTC_Init                              0x08005145   Thumb Code    80  rtc.o(.text.MX_RTC_Init)
    MX_SPI1_Init                             0x08005195   Thumb Code    80  spi.o(.text.MX_SPI1_Init)
    MX_USB_Device_Init                       0x080051e5   Thumb Code   114  usb_device.o(.text.MX_USB_Device_Init)
    MemManage_Handler                        0x08005259   Thumb Code     2  stm32wbxx_it.o(.text.MemManage_Handler)
    NMI_Handler                              0x0800525d   Thumb Code     2  stm32wbxx_it.o(.text.NMI_Handler)
    OTAS_STM_Init                            0x08005261   Thumb Code     2  svc_ctl.o(.text.OTAS_STM_Init)
    OTP_Read                                 0x08005265   Thumb Code    40  otp.o(.text.OTP_Read)
    Osal_MemCpy                              0x0800528d   Thumb Code    12  osal.o(.text.Osal_MemCpy)
    Osal_MemSet                              0x08005299   Thumb Code    18  osal.o(.text.Osal_MemSet)
    P2PS_APP_Init                            0x080052ad   Thumb Code     2  p2p_server_app.o(.text.P2PS_APP_Init)
    P2PS_STM_App_Notification                0x080052b1   Thumb Code     2  p2p_server_app.o(.text.P2PS_STM_App_Notification)
    P2PS_STM_Init                            0x080052b5   Thumb Code   204  p2p_stm.o(.text.P2PS_STM_Init)
    PendSV_Handler                           0x080053f5   Thumb Code     2  stm32wbxx_it.o(.text.PendSV_Handler)
    RTC_WKUP_IRQHandler                      0x080054ed   Thumb Code     4  stm32wbxx_it.o(.text.RTC_WKUP_IRQHandler)
    SHCI_C2_BLE_Init                         0x080056e5   Thumb Code    28  shci.o(.text.SHCI_C2_BLE_Init)
    SHCI_C2_Config                           0x08005701   Thumb Code    26  shci.o(.text.SHCI_C2_Config)
    SHCI_C2_DEBUG_Init                       0x0800571d   Thumb Code    28  shci.o(.text.SHCI_C2_DEBUG_Init)
    SHCI_GetWirelessFwInfo                   0x08005739   Thumb Code   160  shci.o(.text.SHCI_GetWirelessFwInfo)
    SVCCTL_App_Notification                  0x080057d9   Thumb Code   346  app_ble.o(.text.SVCCTL_App_Notification)
    SVCCTL_Init                              0x08005935   Thumb Code    26  svc_ctl.o(.text.SVCCTL_Init)
    SVCCTL_InitCustomSvc                     0x08005951   Thumb Code   148  custom_stm.o(.text.SVCCTL_InitCustomSvc)
    SVCCTL_RegisterSvcHandler                0x080059e5   Thumb Code    20  svc_ctl.o(.text.SVCCTL_RegisterSvcHandler)
    SVCCTL_SvcInit                           0x080059f9   Thumb Code    78  svc_ctl.o(.text.SVCCTL_SvcInit)
    SVCCTL_UserEvtRx                         0x08005a49   Thumb Code    90  svc_ctl.o(.text.SVCCTL_UserEvtRx)
    SVC_Handler                              0x08005aa5   Thumb Code     2  stm32wbxx_it.o(.text.SVC_Handler)
    SysTick_Handler                          0x08005af1   Thumb Code     4  stm32wbxx_it.o(.text.SysTick_Handler)
    SystemClock_Config                       0x08005af5   Thumb Code   254  main.o(.text.SystemClock_Config)
    SystemInit                               0x08005bf5   Thumb Code   104  system_stm32wbxx.o(.text.SystemInit)
    TL_BLE_Init                              0x08005c5d   Thumb Code    78  tl_mbox.o(.text.TL_BLE_Init)
    TL_BLE_SendCmd                           0x08005cad   Thumb Code    28  tl_mbox.o(.text.TL_BLE_SendCmd)
    TL_Enable                                0x08005cc9   Thumb Code     4  tl_mbox.o(.text.TL_Enable)
    TL_Init                                  0x08005ccd   Thumb Code   112  tl_mbox.o(.text.TL_Init)
    TL_MM_EvtDone                            0x08005d3d   Thumb Code    32  tl_mbox.o(.text.TL_MM_EvtDone)
    TL_MM_Init                               0x08005d5d   Thumb Code    74  tl_mbox.o(.text.TL_MM_Init)
    TL_SYS_Init                              0x08005da9   Thumb Code    66  tl_mbox.o(.text.TL_SYS_Init)
    TL_SYS_SendCmd                           0x08005ded   Thumb Code    28  tl_mbox.o(.text.TL_SYS_SendCmd)
    TL_TRACES_EvtReceived                    0x08005e09   Thumb Code     2  tl_mbox.o(.text.TL_TRACES_EvtReceived)
    TL_TRACES_Init                           0x08005e0d   Thumb Code    36  tl_mbox.o(.text.TL_TRACES_Init)
    TPS_Init                                 0x08005e31   Thumb Code     2  svc_ctl.o(.text.TPS_Init)
    USBD_CDC_ConfigStrDescriptor             0x08005e95   Thumb Code    24  usbd_desc.o(.text.USBD_CDC_ConfigStrDescriptor)
    USBD_CDC_DeviceDescriptor                0x08005fc9   Thumb Code    14  usbd_desc.o(.text.USBD_CDC_DeviceDescriptor)
    USBD_CDC_GetDeviceQualifierDescriptor    0x08006015   Thumb Code    16  usbd_cdc.o(.text.USBD_CDC_GetDeviceQualifierDescriptor)
    USBD_CDC_InterfaceStrDescriptor          0x080061f9   Thumb Code    24  usbd_desc.o(.text.USBD_CDC_InterfaceStrDescriptor)
    USBD_CDC_LangIDStrDescriptor             0x08006221   Thumb Code    14  usbd_desc.o(.text.USBD_CDC_LangIDStrDescriptor)
    USBD_CDC_ManufacturerStrDescriptor       0x08006231   Thumb Code    24  usbd_desc.o(.text.USBD_CDC_ManufacturerStrDescriptor)
    USBD_CDC_ProductStrDescriptor            0x0800625d   Thumb Code    24  usbd_desc.o(.text.USBD_CDC_ProductStrDescriptor)
    USBD_CDC_ReceivePacket                   0x0800628d   Thumb Code    52  usbd_cdc.o(.text.USBD_CDC_ReceivePacket)
    USBD_CDC_RegisterInterface               0x080062c1   Thumb Code    24  usbd_cdc.o(.text.USBD_CDC_RegisterInterface)
    USBD_CDC_SerialStrDescriptor             0x080062d9   Thumb Code   364  usbd_desc.o(.text.USBD_CDC_SerialStrDescriptor)
    USBD_CDC_SetRxBuffer                     0x08006445   Thumb Code    26  usbd_cdc.o(.text.USBD_CDC_SetRxBuffer)
    USBD_CDC_SetTxBuffer                     0x08006461   Thumb Code    30  usbd_cdc.o(.text.USBD_CDC_SetTxBuffer)
    USBD_CDC_TransmitPacket                  0x08006581   Thumb Code    62  usbd_cdc.o(.text.USBD_CDC_TransmitPacket)
    USBD_ClrClassConfig                      0x080065c1   Thumb Code    18  usbd_core.o(.text.USBD_ClrClassConfig)
    USBD_CoreFindEP                          0x080065d5   Thumb Code     4  usbd_core.o(.text.USBD_CoreFindEP)
    USBD_CoreFindIF                          0x080065d9   Thumb Code     4  usbd_core.o(.text.USBD_CoreFindIF)
    USBD_CtlContinueRx                       0x080065dd   Thumb Code    16  usbd_ioreq.o(.text.USBD_CtlContinueRx)
    USBD_CtlContinueSendData                 0x080065ed   Thumb Code    16  usbd_ioreq.o(.text.USBD_CtlContinueSendData)
    USBD_CtlError                            0x080065fd   Thumb Code    22  usbd_ctlreq.o(.text.USBD_CtlError)
    USBD_CtlPrepareRx                        0x08006615   Thumb Code    30  usbd_ioreq.o(.text.USBD_CtlPrepareRx)
    USBD_CtlReceiveStatus                    0x08006635   Thumb Code    22  usbd_ioreq.o(.text.USBD_CtlReceiveStatus)
    USBD_CtlSendData                         0x0800664d   Thumb Code    28  usbd_ioreq.o(.text.USBD_CtlSendData)
    USBD_CtlSendStatus                       0x08006669   Thumb Code    22  usbd_ioreq.o(.text.USBD_CtlSendStatus)
    USBD_GetEpDesc                           0x08006681   Thumb Code   128  usbd_core.o(.text.USBD_GetEpDesc)
    USBD_GetString                           0x08006701   Thumb Code   250  usbd_ctlreq.o(.text.USBD_GetString)
    USBD_Init                                0x080067fd   Thumb Code    42  usbd_core.o(.text.USBD_Init)
    USBD_LL_ClearStallEP                     0x08006829   Thumb Code    34  usbd_conf.o(.text.USBD_LL_ClearStallEP)
    USBD_LL_CloseEP                          0x0800684d   Thumb Code    34  usbd_conf.o(.text.USBD_LL_CloseEP)
    USBD_LL_DataInStage                      0x08006871   Thumb Code   186  usbd_core.o(.text.USBD_LL_DataInStage)
    USBD_LL_DataOutStage                     0x0800692d   Thumb Code   128  usbd_core.o(.text.USBD_LL_DataOutStage)
    USBD_LL_GetRxDataSize                    0x080069ad   Thumb Code     8  usbd_conf.o(.text.USBD_LL_GetRxDataSize)
    USBD_LL_Init                             0x080069b5   Thumb Code   154  usbd_conf.o(.text.USBD_LL_Init)
    USBD_LL_IsStallEP                        0x08006a51   Thumb Code    34  usbd_conf.o(.text.USBD_LL_IsStallEP)
    USBD_LL_OpenEP                           0x08006a75   Thumb Code    40  usbd_conf.o(.text.USBD_LL_OpenEP)
    USBD_LL_PrepareReceive                   0x08006a9d   Thumb Code    34  usbd_conf.o(.text.USBD_LL_PrepareReceive)
    USBD_LL_Reset                            0x08006ac1   Thumb Code   104  usbd_core.o(.text.USBD_LL_Reset)
    USBD_LL_Resume                           0x08006b29   Thumb Code    20  usbd_core.o(.text.USBD_LL_Resume)
    USBD_LL_SOF                              0x08006b3d   Thumb Code    28  usbd_core.o(.text.USBD_LL_SOF)
    USBD_LL_SetSpeed                         0x08006b59   Thumb Code     8  usbd_core.o(.text.USBD_LL_SetSpeed)
    USBD_LL_SetUSBAddress                    0x08006b61   Thumb Code    34  usbd_conf.o(.text.USBD_LL_SetUSBAddress)
    USBD_LL_SetupStage                       0x08006b85   Thumb Code    98  usbd_core.o(.text.USBD_LL_SetupStage)
    USBD_LL_StallEP                          0x08006be9   Thumb Code    34  usbd_conf.o(.text.USBD_LL_StallEP)
    USBD_LL_Start                            0x08006c0d   Thumb Code    34  usbd_conf.o(.text.USBD_LL_Start)
    USBD_LL_Suspend                          0x08006c31   Thumb Code    28  usbd_core.o(.text.USBD_LL_Suspend)
    USBD_LL_Transmit                         0x08006c4d   Thumb Code    34  usbd_conf.o(.text.USBD_LL_Transmit)
    USBD_ParseSetupRequest                   0x08006c71   Thumb Code    22  usbd_ctlreq.o(.text.USBD_ParseSetupRequest)
    USBD_RegisterClass                       0x08006c89   Thumb Code    66  usbd_core.o(.text.USBD_RegisterClass)
    USBD_SetClassConfig                      0x08006ccd   Thumb Code    16  usbd_core.o(.text.USBD_SetClassConfig)
    USBD_Start                               0x08006cdd   Thumb Code     4  usbd_core.o(.text.USBD_Start)
    USBD_StdDevReq                           0x08006ce1   Thumb Code   896  usbd_ctlreq.o(.text.USBD_StdDevReq)
    USBD_StdEPReq                            0x08007061   Thumb Code   364  usbd_ctlreq.o(.text.USBD_StdEPReq)
    USBD_StdItfReq                           0x080071cd   Thumb Code   148  usbd_ctlreq.o(.text.USBD_StdItfReq)
    USBD_static_free                         0x08007261   Thumb Code     2  usbd_conf.o(.text.USBD_static_free)
    USBD_static_malloc                       0x08007265   Thumb Code    10  usbd_conf.o(.text.USBD_static_malloc)
    USB_ActivateEndpoint                     0x08007271   Thumb Code   734  stm32wbxx_ll_usb.o(.text.USB_ActivateEndpoint)
    USB_DeactivateEndpoint                   0x08007551   Thumb Code   226  stm32wbxx_ll_usb.o(.text.USB_DeactivateEndpoint)
    USB_DevConnect                           0x08007635   Thumb Code    18  stm32wbxx_ll_usb.o(.text.USB_DevConnect)
    USB_DevInit                              0x08007649   Thumb Code    26  stm32wbxx_ll_usb.o(.text.USB_DevInit)
    USB_DisableGlobalInt                     0x08007665   Thumb Code    20  stm32wbxx_ll_usb.o(.text.USB_DisableGlobalInt)
    USB_EPClearStall                         0x08007679   Thumb Code   124  stm32wbxx_ll_usb.o(.text.USB_EPClearStall)
    USB_EPSetStall                           0x080076f5   Thumb Code    50  stm32wbxx_ll_usb.o(.text.USB_EPSetStall)
    USB_EPStartXfer                          0x08007729   Thumb Code  1710  stm32wbxx_ll_usb.o(.text.USB_EPStartXfer)
    USB_EnableGlobalInt                      0x08007dd9   Thumb Code    20  stm32wbxx_ll_usb.o(.text.USB_EnableGlobalInt)
    USB_LP_IRQHandler                        0x08007ded   Thumb Code    12  stm32wbxx_it.o(.text.USB_LP_IRQHandler)
    USB_ReadInterrupts                       0x08007df9   Thumb Code     6  stm32wbxx_ll_usb.o(.text.USB_ReadInterrupts)
    USB_ReadPMA                              0x08007e01   Thumb Code   156  stm32wbxx_ll_usb.o(.text.USB_ReadPMA)
    USB_SetDevAddress                        0x08007e9d   Thumb Code    14  stm32wbxx_ll_usb.o(.text.USB_SetDevAddress)
    USB_WritePMA                             0x08007ead   Thumb Code   130  stm32wbxx_ll_usb.o(.text.USB_WritePMA)
    UTIL_LPM_Init                            0x08007f31   Thumb Code    16  stm32_lpm.o(.text.UTIL_LPM_Init)
    UTIL_LPM_SetOffMode                      0x08007f41   Thumb Code    46  stm32_lpm.o(.text.UTIL_LPM_SetOffMode)
    UTIL_SEQ_CatchWarning                    0x08007f71   Thumb Code     2  stm32_seq.o(.text.UTIL_SEQ_CatchWarning)
    UTIL_SEQ_EvtIdle                         0x08007f75   Thumb Code     6  stm32_seq.o(.text.UTIL_SEQ_EvtIdle)
    UTIL_SEQ_Idle                            0x08007f7d   Thumb Code     2  app_entry.o(.text.UTIL_SEQ_Idle)
    UTIL_SEQ_PauseTask                       0x08007f81   Thumb Code    32  stm32_seq.o(.text.UTIL_SEQ_PauseTask)
    UTIL_SEQ_PostIdle                        0x08007fa1   Thumb Code     2  stm32_seq.o(.text.UTIL_SEQ_PostIdle)
    UTIL_SEQ_PostTask                        0x08007fa5   Thumb Code     2  stm32_seq.o(.text.UTIL_SEQ_PostTask)
    UTIL_SEQ_PreIdle                         0x08007fa9   Thumb Code     2  stm32_seq.o(.text.UTIL_SEQ_PreIdle)
    UTIL_SEQ_PreTask                         0x08007fad   Thumb Code     2  stm32_seq.o(.text.UTIL_SEQ_PreTask)
    UTIL_SEQ_RegTask                         0x08007fb1   Thumb Code    38  stm32_seq.o(.text.UTIL_SEQ_RegTask)
    UTIL_SEQ_ResumeTask                      0x08007fd9   Thumb Code    30  stm32_seq.o(.text.UTIL_SEQ_ResumeTask)
    UTIL_SEQ_Run                             0x08007ff9   Thumb Code   464  stm32_seq.o(.text.UTIL_SEQ_Run)
    UTIL_SEQ_SetEvt                          0x080081c9   Thumb Code    30  stm32_seq.o(.text.UTIL_SEQ_SetEvt)
    UTIL_SEQ_SetTask                         0x080081e9   Thumb Code    40  stm32_seq.o(.text.UTIL_SEQ_SetTask)
    UTIL_SEQ_WaitEvt                         0x08008211   Thumb Code    88  stm32_seq.o(.text.UTIL_SEQ_WaitEvt)
    UsageFault_Handler                       0x08008269   Thumb Code     2  stm32wbxx_it.o(.text.UsageFault_Handler)
    ZDD_STM_Init                             0x0800826d   Thumb Code     2  svc_ctl.o(.text.ZDD_STM_Init)
    aci_gap_configure_filter_accept_list     0x08008271   Thumb Code    64  ble_gap_aci.o(.text.aci_gap_configure_filter_accept_list)
    aci_gap_init                             0x080082b1   Thumb Code   140  ble_gap_aci.o(.text.aci_gap_init)
    aci_gap_numeric_comparison_value_confirm_yesno 0x0800833d   Thumb Code    80  ble_gap_aci.o(.text.aci_gap_numeric_comparison_value_confirm_yesno)
    aci_gap_pass_key_resp                    0x0800838d   Thumb Code    80  ble_gap_aci.o(.text.aci_gap_pass_key_resp)
    aci_gap_set_authentication_requirement   0x080083dd   Thumb Code   120  ble_gap_aci.o(.text.aci_gap_set_authentication_requirement)
    aci_gap_set_discoverable                 0x08008455   Thumb Code   158  ble_gap_aci.o(.text.aci_gap_set_discoverable)
    aci_gap_set_io_capability                0x080084f5   Thumb Code    74  ble_gap_aci.o(.text.aci_gap_set_io_capability)
    aci_gap_set_non_discoverable             0x08008541   Thumb Code    64  ble_gap_aci.o(.text.aci_gap_set_non_discoverable)
    aci_gap_update_adv_data                  0x08008581   Thumb Code    86  ble_gap_aci.o(.text.aci_gap_update_adv_data)
    aci_gatt_add_char                        0x080085d9   Thumb Code   222  ble_gatt_aci.o(.text.aci_gatt_add_char)
    aci_gatt_add_service                     0x080086b9   Thumb Code   192  ble_gatt_aci.o(.text.aci_gatt_add_service)
    aci_gatt_confirm_indication              0x08008779   Thumb Code    76  ble_gatt_aci.o(.text.aci_gatt_confirm_indication)
    aci_gatt_init                            0x080087c5   Thumb Code    64  ble_gatt_aci.o(.text.aci_gatt_init)
    aci_gatt_update_char_value               0x08008805   Thumb Code   104  ble_gatt_aci.o(.text.aci_gatt_update_char_value)
    aci_hal_set_radio_activity_mask          0x0800886d   Thumb Code    76  ble_hal_aci.o(.text.aci_hal_set_radio_activity_mask)
    aci_hal_set_tx_power_level               0x080088b9   Thumb Code    80  ble_hal_aci.o(.text.aci_hal_set_tx_power_level)
    aci_hal_write_config_data                0x08008909   Thumb Code    92  ble_hal_aci.o(.text.aci_hal_write_config_data)
    bno055_init                              0x08008965   Thumb Code   214  bno055.o(.text.bno055_init)
    bno055_read_accel_xyz                    0x08008a3d   Thumb Code   134  bno055.o(.text.bno055_read_accel_xyz)
    bno055_read_euler_hrp                    0x08008ac5   Thumb Code   134  bno055.o(.text.bno055_read_euler_hrp)
    bno055_read_gyro_xyz                     0x08008b4d   Thumb Code   134  bno055.o(.text.bno055_read_gyro_xyz)
    bno055_set_operation_mode                0x08008bd5   Thumb Code   284  bno055.o(.text.bno055_set_operation_mode)
    hci_cmd_resp_release                     0x08008cf1   Thumb Code     6  app_ble.o(.text.hci_cmd_resp_release)
    hci_cmd_resp_wait                        0x08008cf9   Thumb Code     6  app_ble.o(.text.hci_cmd_resp_wait)
    hci_init                                 0x08008d01   Thumb Code   106  hci_tl.o(.text.hci_init)
    hci_le_read_phy                          0x08008d6d   Thumb Code   116  ble_hci_le.o(.text.hci_le_read_phy)
    hci_le_set_default_phy                   0x08008de1   Thumb Code    84  ble_hci_le.o(.text.hci_le_set_default_phy)
    hci_notify_asynch_evt                    0x08008e35   Thumb Code     8  app_ble.o(.text.hci_notify_asynch_evt)
    hci_register_io_bus                      0x08008e3d   Thumb Code    22  hci_tl_if.o(.text.hci_register_io_bus)
    hci_reset                                0x08008e55   Thumb Code    62  ble_hci_le.o(.text.hci_reset)
    hci_send_req                             0x08008e95   Thumb Code   244  hci_tl.o(.text.hci_send_req)
    hci_user_evt_proc                        0x08008f89   Thumb Code   134  hci_tl.o(.text.hci_user_evt_proc)
    main                                     0x08009011   Thumb Code   884  main.o(.text.main)
    shci_cmd_resp_release                    0x08009385   Thumb Code     6  app_entry.o(.text.shci_cmd_resp_release)
    shci_cmd_resp_wait                       0x0800938d   Thumb Code     6  app_entry.o(.text.shci_cmd_resp_wait)
    shci_init                                0x08009395   Thumb Code   122  shci_tl.o(.text.shci_init)
    shci_notify_asynch_evt                   0x08009411   Thumb Code     8  app_entry.o(.text.shci_notify_asynch_evt)
    shci_register_io_bus                     0x08009419   Thumb Code    22  shci_tl_if.o(.text.shci_register_io_bus)
    shci_send                                0x08009431   Thumb Code   144  shci_tl.o(.text.shci_send)
    shci_user_evt_proc                       0x080094c1   Thumb Code   134  shci_tl.o(.text.shci_user_evt_proc)
    __0vsnprintf                             0x080095c9   Thumb Code    46  printfa.o(i.__0vsnprintf)
    __1vsnprintf                             0x080095c9   Thumb Code     0  printfa.o(i.__0vsnprintf)
    __2vsnprintf                             0x080095c9   Thumb Code     0  printfa.o(i.__0vsnprintf)
    __c89vsnprintf                           0x080095c9   Thumb Code     0  printfa.o(i.__0vsnprintf)
    vsnprintf                                0x080095c9   Thumb Code     0  printfa.o(i.__0vsnprintf)
    __scatterload_copy                       0x080095fd   Thumb Code    14  handlers.o(i.__scatterload_copy)
    __scatterload_null                       0x0800960b   Thumb Code     2  handlers.o(i.__scatterload_null)
    __scatterload_zeroinit                   0x0800960d   Thumb Code    14  handlers.o(i.__scatterload_zeroinit)
    AHBPrescTable                            0x08009f3c   Data          64  system_stm32wbxx.o(.rodata.AHBPrescTable)
    MSIRangeTable                            0x08009f7c   Data          64  system_stm32wbxx.o(.rodata.MSIRangeTable)
    Region$$Table$$Base                      0x0800a140   Number         0  anon$$obj.o(Region$$Table)
    Region$$Table$$Limit                     0x0800a170   Number         0  anon$$obj.o(Region$$Table)
    a_AdvData                                0x20000008   Data          12  app_ble.o(.data..L_MergedGlobals)
    a_ManufData                              0x20000014   Data          14  app_ble.o(.data..L_MergedGlobals)
    uwTickFreq                               0x20000024   Data           1  stm32wbxx_hal.o(.data..L_MergedGlobals)
    uwTickPrio                               0x20000028   Data           4  stm32wbxx_hal.o(.data..L_MergedGlobals)
    CDC_Desc                                 0x20000034   Data          32  usbd_desc.o(.data.CDC_Desc)
    SizeMycharwrite                          0x20000054   Data           2  custom_stm.o(.data.SizeMycharwrite)
    SystemCoreClock                          0x20000058   Data           4  system_stm32wbxx.o(.data.SystemCoreClock)
    USBD_CDC                                 0x2000005c   Data          56  usbd_cdc.o(.data.USBD_CDC)
    USBD_CDC_DeviceDesc                      0x200000d8   Data          18  usbd_desc.o(.data.USBD_CDC_DeviceDesc)
    USBD_Interface_fops_FS                   0x200000f8   Data          20  usbd_cdc_if.o(.data.USBD_Interface_fops_FS)
    USBD_LangIDDesc                          0x2000010c   Data           4  usbd_desc.o(.data.USBD_LangIDDesc)
    USBD_StringSerial                        0x20000110   Data          26  usbd_desc.o(.data.USBD_StringSerial)
    UserEventFlow                            0x20000138   Data           1  hci_tl.o(BLE_DRIVER_CONTEXT)
    SVCCTL_EvtHandler                        0x20000140   Data          32  svc_ctl.o(BLE_DRIVER_CONTEXT)
    SVCCTL_CltHandler                        0x20000160   Data           1  svc_ctl.o(BLE_DRIVER_CONTEXT)
    SHCI_TL_UserEventFlow                    0x2000016c   Data           1  shci_tl.o(SYSTEM_DRIVER_CONTEXT)
    HandleNotification                       0x20000244   Data           4  app_ble.o(.bss.HandleNotification)
    USBD_StrDesc                             0x200002f0   Data         512  usbd_desc.o(.bss.USBD_StrDesc)
    UserRxBufferFS                           0x20000710   Data        2048  usbd_cdc_if.o(.bss.UserRxBufferFS)
    UserTxBufferFS                           0x20000f10   Data        2048  usbd_cdc_if.o(.bss.UserTxBufferFS)
    bno                                      0x200017a8   Data          24  main.o(.bss.bno)
    g_cdc_ready                              0x200017c0   Data           1  usbd_cdc_if.o(.bss.g_cdc_ready)
    hUsbDeviceFS                             0x200017c4   Data         732  usb_device.o(.bss.hUsbDeviceFS)
    hadc1                                    0x20001aa0   Data         100  adc.o(.bss.hadc1)
    hi2c1                                    0x20001b24   Data          84  i2c.o(.bss.hi2c1)
    hipcc                                    0x20001b78   Data          60  ipcc.o(.bss.hipcc)
    hpcd_USB_FS                              0x20001bb4   Data         732  usbd_conf.o(.bss.hpcd_USB_FS)
    hrtc                                     0x20001e90   Data          36  rtc.o(.bss.hrtc)
    hspi1                                    0x20001eb4   Data         100  spi.o(.bss.hspi1)
    uwTick                                   0x2000213c   Data           4  stm32wbxx_hal.o(.bss.uwTick)
    __initial_sp                             0x20002540   Data           0  startup_stm32wb55xx_cm4.o(STACK)



==============================================================================

Memory Map of the image

  Image Entry point : 0x0800013d

  Load Region LR_IROM1 (Base: 0x08000000, Size: 0x0000ad48, Max: 0x00080000, ABSOLUTE, COMPRESSED[0x0000a268])

    Execution Region ER_IROM1 (Exec base: 0x08000000, Load base: 0x08000000, Size: 0x0000a170, Max: 0x00080000, ABSOLUTE)

    Exec Addr    Load Addr    Size         Type   Attr      Idx    E Section Name        Object

    0x08000000   0x08000000   0x0000013c   Data   RO            3    RESET               startup_stm32wb55xx_cm4.o
    0x0800013c   0x0800013c   0x00000000   Code   RO         3832  * .ARM.Collect$$$$00000000  mc_w.l(entry.o)
    0x0800013c   0x0800013c   0x00000004   Code   RO         4118    .ARM.Collect$$$$00000001  mc_w.l(entry2.o)
    0x08000140   0x08000140   0x00000004   Code   RO         4121    .ARM.Collect$$$$00000004  mc_w.l(entry5.o)
    0x08000144   0x08000144   0x00000000   Code   RO         4123    .ARM.Collect$$$$00000008  mc_w.l(entry7b.o)
    0x08000144   0x08000144   0x00000000   Code   RO         4125    .ARM.Collect$$$$0000000A  mc_w.l(entry8b.o)
    0x08000144   0x08000144   0x00000008   Code   RO         4126    .ARM.Collect$$$$0000000B  mc_w.l(entry9a.o)
    0x0800014c   0x0800014c   0x00000000   Code   RO         4128    .ARM.Collect$$$$0000000D  mc_w.l(entry10a.o)
    0x0800014c   0x0800014c   0x00000000   Code   RO         4130    .ARM.Collect$$$$0000000F  mc_w.l(entry11a.o)
    0x0800014c   0x0800014c   0x00000004   Code   RO         4119    .ARM.Collect$$$$00002712  mc_w.l(entry2.o)
    0x08000150   0x08000150   0x00000024   Code   RO            4    .text               startup_stm32wb55xx_cm4.o
    0x08000174   0x08000174   0x00000024   Code   RO         3835    .text               mc_w.l(memcpya.o)
    0x08000198   0x08000198   0x00000024   Code   RO         3837    .text               mc_w.l(memseta.o)
    0x080001bc   0x080001bc   0x0000014e   Code   RO         4106    .text               mf_w.l(dadd.o)
    0x0800030a   0x0800030a   0x000000e4   Code   RO         4108    .text               mf_w.l(dmul.o)
    0x080003ee   0x080003ee   0x000000de   Code   RO         4110    .text               mf_w.l(ddiv.o)
    0x080004cc   0x080004cc   0x00000026   Code   RO         4114    .text               mf_w.l(f2d.o)
    0x080004f2   0x080004f2   0x0000002c   Code   RO         4146    .text               mc_w.l(uidiv.o)
    0x0800051e   0x0800051e   0x00000062   Code   RO         4148    .text               mc_w.l(uldiv.o)
    0x08000580   0x08000580   0x0000001e   Code   RO         4150    .text               mc_w.l(llshl.o)
    0x0800059e   0x0800059e   0x00000024   Code   RO         4152    .text               mc_w.l(llsshr.o)
    0x080005c2   0x080005c2   0x00000000   Code   RO         4154    .text               mc_w.l(iusefp.o)
    0x080005c2   0x080005c2   0x000000ba   Code   RO         4157    .text               mf_w.l(depilogue.o)
    0x0800067c   0x0800067c   0x00000030   Code   RO         4159    .text               mf_w.l(dfixul.o)
    0x080006ac   0x080006ac   0x00000030   Code   RO         4161    .text               mf_w.l(cdrcmple.o)
    0x080006dc   0x080006dc   0x00000024   Code   RO         4163    .text               mc_w.l(init.o)
    0x08000700   0x08000700   0x00000020   Code   RO         4166    .text               mc_w.l(llushr.o)
    0x08000720   0x08000720   0x0000003a   Code   RO         4177    .text               mc_w.l(__dczerorl.o)
    0x0800075a   0x0800075a   0x00000002   PAD
    0x0800075c   0x0800075c   0x0000003c   Code   RO          170    .text.APPD_EnableCPU2  app_debug.o
    0x08000798   0x08000798   0x00000002   Code   RO          155    .text.APPE_SysStatusNot  app_entry.o
    0x0800079a   0x0800079a   0x00000002   PAD
    0x0800079c   0x0800079c   0x00000076   Code   RO          157    .text.APPE_SysUserEvtRx  app_entry.o
    0x08000812   0x08000812   0x00000002   PAD
    0x08000814   0x08000814   0x0000029c   Code   RO          983    .text.APP_BLE_Init  app_ble.o
    0x08000ab0   0x08000ab0   0x00000020   Code   RO          985    .text.Adv_Cancel    app_ble.o
    0x08000ad0   0x08000ad0   0x00000008   Code   RO          987    .text.Adv_Cancel_Req  app_ble.o
    0x08000ad8   0x08000ad8   0x00000002   Code   RO         3463    .text.BAS_Init      svc_ctl.o
    0x08000ada   0x08000ada   0x00000002   PAD
    0x08000adc   0x08000adc   0x00000016   Code   RO         1003    .text.BLE_StatusNot  app_ble.o
    0x08000af2   0x08000af2   0x00000002   PAD
    0x08000af4   0x08000af4   0x00000016   Code   RO         1005    .text.BLE_UserEvtRx  app_ble.o
    0x08000b0a   0x08000b0a   0x00000002   PAD
    0x08000b0c   0x08000b0c   0x00000002   Code   RO         3465    .text.BLS_Init      svc_ctl.o
    0x08000b0e   0x08000b0e   0x00000002   PAD
    0x08000b10   0x08000b10   0x00000030   Code   RO           13    .text.BNO055_I2C_bus_read  main.o
    0x08000b40   0x08000b40   0x00000030   Code   RO           11    .text.BNO055_I2C_bus_write  main.o
    0x08000b70   0x08000b70   0x00000004   Code   RO           15    .text.BNO055_delay_msec  main.o
    0x08000b74   0x08000b74   0x00000002   Code   RO         3495    .text.BVOPUS_STM_Init  svc_ctl.o
    0x08000b76   0x08000b76   0x00000002   PAD
    0x08000b78   0x08000b78   0x00000002   Code   RO          236    .text.BusFault_Handler  stm32wbxx_it.o
    0x08000b7a   0x08000b7a   0x00000002   PAD
    0x08000b7c   0x08000b7c   0x00000014   Code   RO          963    .text.CDC_Control_FS  usbd_cdc_if.o
    0x08000b90   0x08000b90   0x00000004   Code   RO          961    .text.CDC_DeInit_FS  usbd_cdc_if.o
    0x08000b94   0x08000b94   0x0000002c   Code   RO          959    .text.CDC_Init_FS   usbd_cdc_if.o
    0x08000bc0   0x08000bc0   0x0000001c   Code   RO          965    .text.CDC_Receive_FS  usbd_cdc_if.o
    0x08000bdc   0x08000bdc   0x00000004   Code   RO          967    .text.CDC_TransmitCplt_FS  usbd_cdc_if.o
    0x08000be0   0x08000be0   0x00000036   Code   RO          969    .text.CDC_Transmit_FS  usbd_cdc_if.o
    0x08000c16   0x08000c16   0x00000002   PAD
    0x08000c18   0x08000c18   0x00000002   Code   RO         3467    .text.CRS_STM_Init  svc_ctl.o
    0x08000c1a   0x08000c1a   0x00000002   PAD
    0x08000c1c   0x08000c1c   0x00000002   Code   RO         1063    .text.Custom_APP_Init  custom_app.o
    0x08000c1e   0x08000c1e   0x00000002   PAD
    0x08000c20   0x08000c20   0x00000002   Code   RO         1061    .text.Custom_APP_Notification  custom_app.o
    0x08000c22   0x08000c22   0x00000002   PAD
    0x08000c24   0x08000c24   0x00000002   Code   RO         1059    .text.Custom_STM_App_Notification  custom_app.o
    0x08000c26   0x08000c26   0x00000002   PAD
    0x08000c28   0x08000c28   0x00000036   Code   RO         1041    .text.Custom_STM_Event_Handler  custom_stm.o
    0x08000c5e   0x08000c5e   0x00000002   PAD
    0x08000c60   0x08000c60   0x00000002   Code   RO         3469    .text.DIS_Init      svc_ctl.o
    0x08000c62   0x08000c62   0x00000002   PAD
    0x08000c64   0x08000c64   0x00000002   Code   RO          242    .text.DebugMon_Handler  stm32wbxx_it.o
    0x08000c66   0x08000c66   0x00000002   PAD
    0x08000c68   0x08000c68   0x00000002   Code   RO         3471    .text.EDS_STM_Init  svc_ctl.o
    0x08000c6a   0x08000c6a   0x00000002   PAD
    0x08000c6c   0x08000c6c   0x0000000a   Code   RO           29    .text.Error_Handler  main.o
    0x08000c76   0x08000c76   0x00000002   PAD
    0x08000c78   0x08000c78   0x00000374   Code   RO         1912    .text.HAL_ADC_ConfigChannel  stm32wbxx_hal_adc.o
    0x08000fec   0x08000fec   0x00000200   Code   RO         1864    .text.HAL_ADC_Init  stm32wbxx_hal_adc.o
    0x080011ec   0x080011ec   0x000000a0   Code   RO           54    .text.HAL_ADC_MspInit  adc.o
    0x0800128c   0x0800128c   0x00000046   Code   RO          143    .text.HAL_Delay     app_entry.o
    0x080012d2   0x080012d2   0x00000002   PAD
    0x080012d4   0x080012d4   0x0000018a   Code   RO         1442    .text.HAL_GPIO_Init  stm32wbxx_hal_gpio.o
    0x0800145e   0x0800145e   0x00000002   PAD
    0x08001460   0x08001460   0x0000000c   Code   RO         1448    .text.HAL_GPIO_WritePin  stm32wbxx_hal_gpio.o
    0x0800146c   0x0800146c   0x0000000c   Code   RO         1760    .text.HAL_GetTick   stm32wbxx_hal.o
    0x08001478   0x08001478   0x0000000c   Code   RO         1766    .text.HAL_GetTickFreq  stm32wbxx_hal.o
    0x08001484   0x08001484   0x0000000c   Code   RO         1762    .text.HAL_GetTickPrio  stm32wbxx_hal.o
    0x08001490   0x08001490   0x00000002   Code   RO         1488    .text.HAL_HSEM_FreeCallback  stm32wbxx_hal_hsem.o
    0x08001492   0x08001492   0x00000002   PAD
    0x08001494   0x08001494   0x00000016   Code   RO         1486    .text.HAL_HSEM_IRQHandler  stm32wbxx_hal_hsem.o
    0x080014aa   0x080014aa   0x00000002   PAD
    0x080014ac   0x080014ac   0x0000004a   Code   RO         2135    .text.HAL_I2CEx_ConfigAnalogFilter  stm32wbxx_hal_i2c_ex.o
    0x080014f6   0x080014f6   0x00000002   PAD
    0x080014f8   0x080014f8   0x00000048   Code   RO         2137    .text.HAL_I2CEx_ConfigDigitalFilter  stm32wbxx_hal_i2c_ex.o
    0x08001540   0x08001540   0x000000ae   Code   RO         1981    .text.HAL_I2C_Init  stm32wbxx_hal_i2c.o
    0x080015ee   0x080015ee   0x00000002   PAD
    0x080015f0   0x080015f0   0x00000238   Code   RO         2041    .text.HAL_I2C_Mem_Read  stm32wbxx_hal_i2c.o
    0x08001828   0x08001828   0x00000238   Code   RO         2039    .text.HAL_I2C_Mem_Write  stm32wbxx_hal_i2c.o
    0x08001a60   0x08001a60   0x0000008a   Code   RO           69    .text.HAL_I2C_MspInit  i2c.o
    0x08001aea   0x08001aea   0x00000002   PAD
    0x08001aec   0x08001aec   0x00000068   Code   RO         2155    .text.HAL_IPCC_Init  stm32wbxx_hal_ipcc.o
    0x08001b54   0x08001b54   0x00000050   Code   RO           84    .text.HAL_IPCC_MspInit  ipcc.o
    0x08001ba4   0x08001ba4   0x00000002   Code   RO         2175    .text.HAL_IPCC_RxCallback  stm32wbxx_hal_ipcc.o
    0x08001ba6   0x08001ba6   0x00000002   PAD
    0x08001ba8   0x08001ba8   0x00000002   Code   RO         2173    .text.HAL_IPCC_TxCallback  stm32wbxx_hal_ipcc.o
    0x08001baa   0x08001baa   0x00000002   PAD
    0x08001bac   0x08001bac   0x0000001a   Code   RO         1758    .text.HAL_IncTick   stm32wbxx_hal.o
    0x08001bc6   0x08001bc6   0x00000002   PAD
    0x08001bc8   0x08001bc8   0x0000002e   Code   RO         1748    .text.HAL_Init      stm32wbxx_hal.o
    0x08001bf6   0x08001bf6   0x00000002   PAD
    0x08001bf8   0x08001bf8   0x00000048   Code   RO         1750    .text.HAL_InitTick  stm32wbxx_hal.o
    0x08001c40   0x08001c40   0x00000032   Code   RO          265    .text.HAL_MspInit   stm32wbxx_hal_msp.o
    0x08001c72   0x08001c72   0x00000002   PAD
    0x08001c74   0x08001c74   0x00000026   Code   RO         1722    .text.HAL_NVIC_ClearPendingIRQ  stm32wbxx_hal_cortex.o
    0x08001c9a   0x08001c9a   0x00000002   PAD
    0x08001c9c   0x08001c9c   0x0000002e   Code   RO         1706    .text.HAL_NVIC_DisableIRQ  stm32wbxx_hal_cortex.o
    0x08001cca   0x08001cca   0x00000002   PAD
    0x08001ccc   0x08001ccc   0x00000026   Code   RO         1704    .text.HAL_NVIC_EnableIRQ  stm32wbxx_hal_cortex.o
    0x08001cf2   0x08001cf2   0x00000002   PAD
    0x08001cf4   0x08001cf4   0x00000026   Code   RO         1718    .text.HAL_NVIC_SetPendingIRQ  stm32wbxx_hal_cortex.o
    0x08001d1a   0x08001d1a   0x00000002   PAD
    0x08001d1c   0x08001d1c   0x00000056   Code   RO         1702    .text.HAL_NVIC_SetPriority  stm32wbxx_hal_cortex.o
    0x08001d72   0x08001d72   0x00000002   PAD
    0x08001d74   0x08001d74   0x00000020   Code   RO         1700    .text.HAL_NVIC_SetPriorityGrouping  stm32wbxx_hal_cortex.o
    0x08001d94   0x08001d94   0x0000002a   Code   RO         1200    .text.HAL_PCDEx_ActivateLPM  stm32wbxx_hal_pcd_ex.o
    0x08001dbe   0x08001dbe   0x00000002   PAD
    0x08001dc0   0x08001dc0   0x00000052   Code   RO          905    .text.HAL_PCDEx_LPM_Callback  usbd_conf.o
    0x08001e12   0x08001e12   0x00000002   PAD
    0x08001e14   0x08001e14   0x0000003a   Code   RO         1190    .text.HAL_PCDEx_PMAConfig  stm32wbxx_hal_pcd_ex.o
    0x08001e4e   0x08001e4e   0x00000002   PAD
    0x08001e50   0x08001e50   0x00000014   Code   RO          859    .text.HAL_PCD_DataInStageCallback  usbd_conf.o
    0x08001e64   0x08001e64   0x00000016   Code   RO          857    .text.HAL_PCD_DataOutStageCallback  usbd_conf.o
    0x08001e7a   0x08001e7a   0x00000002   PAD
    0x08001e7c   0x08001e7c   0x0000004e   Code   RO         1160    .text.HAL_PCD_EP_Close  stm32wbxx_hal_pcd.o
    0x08001eca   0x08001eca   0x00000002   PAD
    0x08001ecc   0x08001ecc   0x00000062   Code   RO         1170    .text.HAL_PCD_EP_ClrStall  stm32wbxx_hal_pcd.o
    0x08001f2e   0x08001f2e   0x00000002   PAD
    0x08001f30   0x08001f30   0x00000012   Code   RO         1164    .text.HAL_PCD_EP_GetRxCount  stm32wbxx_hal_pcd.o
    0x08001f42   0x08001f42   0x00000002   PAD
    0x08001f44   0x08001f44   0x00000064   Code   RO         1158    .text.HAL_PCD_EP_Open  stm32wbxx_hal_pcd.o
    0x08001fa8   0x08001fa8   0x00000032   Code   RO         1162    .text.HAL_PCD_EP_Receive  stm32wbxx_hal_pcd.o
    0x08001fda   0x08001fda   0x00000002   PAD
    0x08001fdc   0x08001fdc   0x00000064   Code   RO         1168    .text.HAL_PCD_EP_SetStall  stm32wbxx_hal_pcd.o
    0x08002040   0x08002040   0x00000036   Code   RO         1166    .text.HAL_PCD_EP_Transmit  stm32wbxx_hal_pcd.o
    0x08002076   0x08002076   0x00000002   PAD
    0x08002078   0x08002078   0x00000966   Code   RO         1128    .text.HAL_PCD_IRQHandler  stm32wbxx_hal_pcd.o
    0x080029de   0x080029de   0x00000002   PAD
    0x080029e0   0x080029e0   0x00000216   Code   RO         1116    .text.HAL_PCD_Init  stm32wbxx_hal_pcd.o
    0x08002bf6   0x08002bf6   0x00000002   PAD
    0x08002bf8   0x08002bf8   0x00000094   Code   RO          851    .text.HAL_PCD_MspInit  usbd_conf.o
    0x08002c8c   0x08002c8c   0x00000024   Code   RO          863    .text.HAL_PCD_ResetCallback  usbd_conf.o
    0x08002cb0   0x08002cb0   0x00000028   Code   RO          867    .text.HAL_PCD_ResumeCallback  usbd_conf.o
    0x08002cd8   0x08002cd8   0x00000008   Code   RO          861    .text.HAL_PCD_SOFCallback  usbd_conf.o
    0x08002ce0   0x08002ce0   0x00000026   Code   RO         1132    .text.HAL_PCD_SetAddress  stm32wbxx_hal_pcd.o
    0x08002d06   0x08002d06   0x00000002   PAD
    0x08002d08   0x08002d08   0x0000000e   Code   RO          855    .text.HAL_PCD_SetupStageCallback  usbd_conf.o
    0x08002d16   0x08002d16   0x00000002   PAD
    0x08002d18   0x08002d18   0x0000002a   Code   RO         1124    .text.HAL_PCD_Start  stm32wbxx_hal_pcd.o
    0x08002d42   0x08002d42   0x00000002   PAD
    0x08002d44   0x08002d44   0x00000026   Code   RO          865    .text.HAL_PCD_SuspendCallback  usbd_conf.o
    0x08002d6a   0x08002d6a   0x00000002   PAD
    0x08002d6c   0x08002d6c   0x00000012   Code   RO         1596    .text.HAL_PWREx_EnableVddUSB  stm32wbxx_hal_pwr_ex.o
    0x08002d7e   0x08002d7e   0x00000002   PAD
    0x08002d80   0x08002d80   0x00000010   Code   RO         1588    .text.HAL_PWREx_GetVoltageRange  stm32wbxx_hal_pwr_ex.o
    0x08002d90   0x08002d90   0x00000012   Code   RO         1550    .text.HAL_PWR_EnableBkUpAccess  stm32wbxx_hal_pwr.o
    0x08002da2   0x08002da2   0x00000002   PAD
    0x08002da4   0x08002da4   0x0000004a   Code   RO         1355    .text.HAL_RCCEx_CRSConfig  stm32wbxx_hal_rcc_ex.o
    0x08002dee   0x08002dee   0x00000002   PAD
    0x08002df0   0x08002df0   0x000003fc   Code   RO         1309    .text.HAL_RCCEx_PeriphCLKConfig  stm32wbxx_hal_rcc_ex.o
    0x080031ec   0x080031ec   0x000002d6   Code   RO         1274    .text.HAL_RCC_ClockConfig  stm32wbxx_hal_rcc.o
    0x080034c2   0x080034c2   0x00000002   PAD
    0x080034c4   0x080034c4   0x000000ce   Code   RO         1272    .text.HAL_RCC_GetHCLKFreq  stm32wbxx_hal_rcc.o
    0x08003592   0x08003592   0x00000002   PAD
    0x08003594   0x08003594   0x00000722   Code   RO         1268    .text.HAL_RCC_OscConfig  stm32wbxx_hal_rcc.o
    0x08003cb6   0x08003cb6   0x00000002   PAD
    0x08003cb8   0x08003cb8   0x00000152   Code   RO         2295    .text.HAL_RTCEx_SetWakeUpTimer_IT  stm32wbxx_hal_rtc_ex.o
    0x08003e0a   0x08003e0a   0x00000002   PAD
    0x08003e0c   0x08003e0c   0x00000106   Code   RO         2197    .text.HAL_RTC_Init  stm32wbxx_hal_rtc.o
    0x08003f12   0x08003f12   0x00000002   PAD
    0x08003f14   0x08003f14   0x00000072   Code   RO          107    .text.HAL_RTC_MspInit  rtc.o
    0x08003f86   0x08003f86   0x00000002   PAD
    0x08003f88   0x08003f88   0x000000dc   Code   RO         2339    .text.HAL_SPI_Init  stm32wbxx_hal_spi.o
    0x08004064   0x08004064   0x00000062   Code   RO          122    .text.HAL_SPI_MspInit  spi.o
    0x080040c6   0x080040c6   0x00000002   PAD
    0x080040c8   0x080040c8   0x0000002c   Code   RO         1712    .text.HAL_SYSTICK_Config  stm32wbxx_hal_cortex.o
    0x080040f4   0x080040f4   0x00000002   Code   RO         3473    .text.HIDS_Init     svc_ctl.o
    0x080040f6   0x080040f6   0x00000002   PAD
    0x080040f8   0x080040f8   0x00000002   Code   RO         3475    .text.HRS_Init      svc_ctl.o
    0x080040fa   0x080040fa   0x00000002   PAD
    0x080040fc   0x080040fc   0x00000004   Code   RO          256    .text.HSEM_IRQHandler  stm32wbxx_it.o
    0x08004100   0x08004100   0x00000002   Code   RO         3477    .text.HTS_Init      svc_ctl.o
    0x08004102   0x08004102   0x00000002   PAD
    0x08004104   0x08004104   0x0000000c   Code   RO         2709    .text.HW_IPCC_BLE_AclDataAckNot  tl_mbox.o
    0x08004110   0x08004110   0x00000020   Code   RO         1083    .text.HW_IPCC_BLE_Init  hw_ipcc.o
    0x08004130   0x08004130   0x00000040   Code   RO         2705    .text.HW_IPCC_BLE_RxEvtNot  tl_mbox.o
    0x08004170   0x08004170   0x00000010   Code   RO         1085    .text.HW_IPCC_BLE_SendCmd  hw_ipcc.o
    0x08004180   0x08004180   0x0000004c   Code   RO         1079    .text.HW_IPCC_Enable  hw_ipcc.o
    0x080041cc   0x080041cc   0x00000048   Code   RO         1081    .text.HW_IPCC_Init  hw_ipcc.o
    0x08004214   0x08004214   0x0000003e   Code   RO         1101    .text.HW_IPCC_MM_SendFreeBuf  hw_ipcc.o
    0x08004252   0x08004252   0x00000002   PAD
    0x08004254   0x08004254   0x0000004c   Code   RO         1075    .text.HW_IPCC_Rx_Handler  hw_ipcc.o
    0x080042a0   0x080042a0   0x0000001a   Code   RO         2715    .text.HW_IPCC_SYS_CmdEvtNot  tl_mbox.o
    0x080042ba   0x080042ba   0x00000002   PAD
    0x080042bc   0x080042bc   0x00000040   Code   RO         2717    .text.HW_IPCC_SYS_EvtNot  tl_mbox.o
    0x080042fc   0x080042fc   0x00000020   Code   RO         1093    .text.HW_IPCC_SYS_Init  hw_ipcc.o
    0x0800431c   0x0800431c   0x00000026   Code   RO         1095    .text.HW_IPCC_SYS_SendCmd  hw_ipcc.o
    0x08004342   0x08004342   0x00000002   PAD
    0x08004344   0x08004344   0x00000038   Code   RO         2727    .text.HW_IPCC_TRACES_EvtNot  tl_mbox.o
    0x0800437c   0x0800437c   0x00000020   Code   RO         1103    .text.HW_IPCC_TRACES_Init  hw_ipcc.o
    0x0800439c   0x0800439c   0x0000009e   Code   RO         1077    .text.HW_IPCC_Tx_Handler  hw_ipcc.o
    0x0800443a   0x0800443a   0x00000002   PAD
    0x0800443c   0x0800443c   0x00000074   Code   RO          194    .text.HW_TS_Create  hw_timerserver.o
    0x080044b0   0x080044b0   0x00000112   Code   RO          192    .text.HW_TS_Init    hw_timerserver.o
    0x080045c2   0x080045c2   0x00000002   PAD
    0x080045c4   0x080045c4   0x00000002   Code   RO          188    .text.HW_TS_RTC_Int_AppNot  hw_timerserver.o
    0x080045c6   0x080045c6   0x00000002   PAD
    0x080045c8   0x080045c8   0x0000012c   Code   RO          182    .text.HW_TS_RTC_Wakeup_Handler  hw_timerserver.o
    0x080046f4   0x080046f4   0x00000222   Code   RO          184    .text.HW_TS_Start   hw_timerserver.o
    0x08004916   0x08004916   0x00000002   PAD
    0x08004918   0x08004918   0x00000130   Code   RO          186    .text.HW_TS_Stop    hw_timerserver.o
    0x08004a48   0x08004a48   0x00000002   Code   RO          232    .text.HardFault_Handler  stm32wbxx_it.o
    0x08004a4a   0x08004a4a   0x00000002   PAD
    0x08004a4c   0x08004a4c   0x0000015c   Code   RO         2125    .text.I2C_IsErrorOccurred  stm32wbxx_hal_i2c.o
    0x08004ba8   0x08004ba8   0x000000e0   Code   RO         1991    .text.I2C_WaitOnFlagUntilTimeout  stm32wbxx_hal_i2c.o
    0x08004c88   0x08004c88   0x0000007c   Code   RO         1995    .text.I2C_WaitOnSTOPFlagUntilTimeout  stm32wbxx_hal_i2c.o
    0x08004d04   0x08004d04   0x00000094   Code   RO         1993    .text.I2C_WaitOnTXISFlagUntilTimeout  stm32wbxx_hal_i2c.o
    0x08004d98   0x08004d98   0x00000002   Code   RO         3479    .text.IAS_Init      svc_ctl.o
    0x08004d9a   0x08004d9a   0x00000002   PAD
    0x08004d9c   0x08004d9c   0x00000004   Code   RO          252    .text.IPCC_C1_RX_IRQHandler  stm32wbxx_it.o
    0x08004da0   0x08004da0   0x00000004   Code   RO          254    .text.IPCC_C1_TX_IRQHandler  stm32wbxx_it.o
    0x08004da4   0x08004da4   0x00000002   Code   RO         3481    .text.LLS_Init      svc_ctl.o
    0x08004da6   0x08004da6   0x00000002   PAD
    0x08004da8   0x08004da8   0x00000006   Code   RO         2843    .text.LST_init_head  stm_list.o
    0x08004dae   0x08004dae   0x00000002   PAD
    0x08004db0   0x08004db0   0x0000001c   Code   RO         2847    .text.LST_insert_head  stm_list.o
    0x08004dcc   0x08004dcc   0x0000001c   Code   RO         2849    .text.LST_insert_tail  stm_list.o
    0x08004de8   0x08004de8   0x0000001a   Code   RO         2845    .text.LST_is_empty  stm_list.o
    0x08004e02   0x08004e02   0x00000002   PAD
    0x08004e04   0x08004e04   0x0000002e   Code   RO         2853    .text.LST_remove_head  stm_list.o
    0x08004e32   0x08004e32   0x00000002   PAD
    0x08004e34   0x08004e34   0x00000002   Code   RO         3493    .text.MESH_Init     svc_ctl.o
    0x08004e36   0x08004e36   0x00000002   PAD
    0x08004e38   0x08004e38   0x00000002   Code   RO         3485    .text.MOTENV_STM_Init  svc_ctl.o
    0x08004e3a   0x08004e3a   0x00000002   PAD
    0x08004e3c   0x08004e3c   0x00000076   Code   RO           52    .text.MX_ADC1_Init  adc.o
    0x08004eb2   0x08004eb2   0x00000002   PAD
    0x08004eb4   0x08004eb4   0x0000003c   Code   RO          135    .text.MX_APPE_Config  app_entry.o
    0x08004ef0   0x08004ef0   0x000000ca   Code   RO          137    .text.MX_APPE_Init  app_entry.o
    0x08004fba   0x08004fba   0x00000002   PAD
    0x08004fbc   0x08004fbc   0x000000ee   Code   RO           43    .text.MX_GPIO_Init  gpio.o
    0x080050aa   0x080050aa   0x00000002   PAD
    0x080050ac   0x080050ac   0x0000006c   Code   RO           67    .text.MX_I2C1_Init  i2c.o
    0x08005118   0x08005118   0x00000026   Code   RO           82    .text.MX_IPCC_Init  ipcc.o
    0x0800513e   0x0800513e   0x00000002   PAD
    0x08005140   0x08005140   0x00000002   Code   RO           97    .text.MX_RF_Init    rf.o
    0x08005142   0x08005142   0x00000002   PAD
    0x08005144   0x08005144   0x00000050   Code   RO          105    .text.MX_RTC_Init   rtc.o
    0x08005194   0x08005194   0x00000050   Code   RO          120    .text.MX_SPI1_Init  spi.o
    0x080051e4   0x080051e4   0x00000072   Code   RO          923    .text.MX_USB_Device_Init  usb_device.o
    0x08005256   0x08005256   0x00000002   PAD
    0x08005258   0x08005258   0x00000002   Code   RO          234    .text.MemManage_Handler  stm32wbxx_it.o
    0x0800525a   0x0800525a   0x00000002   PAD
    0x0800525c   0x0800525c   0x00000002   Code   RO          230    .text.NMI_Handler   stm32wbxx_it.o
    0x0800525e   0x0800525e   0x00000002   PAD
    0x08005260   0x08005260   0x00000002   Code   RO         3491    .text.OTAS_STM_Init  svc_ctl.o
    0x08005262   0x08005262   0x00000002   PAD
    0x08005264   0x08005264   0x00000028   Code   RO         2834    .text.OTP_Read      otp.o
    0x0800528c   0x0800528c   0x0000000c   Code   RO         2899    .text.Osal_MemCpy   osal.o
    0x08005298   0x08005298   0x00000012   Code   RO         2901    .text.Osal_MemSet   osal.o
    0x080052aa   0x080052aa   0x00000002   PAD
    0x080052ac   0x080052ac   0x00000002   Code   RO         1030    .text.P2PS_APP_Init  p2p_server_app.o
    0x080052ae   0x080052ae   0x00000002   PAD
    0x080052b0   0x080052b0   0x00000002   Code   RO         1026    .text.P2PS_STM_App_Notification  p2p_server_app.o
    0x080052b2   0x080052b2   0x00000002   PAD
    0x080052b4   0x080052b4   0x000000cc   Code   RO         3377    .text.P2PS_STM_Init  p2p_stm.o
    0x08005380   0x08005380   0x00000074   Code   RO         3379    .text.PeerToPeer_Event_Handler  p2p_stm.o
    0x080053f4   0x080053f4   0x00000002   Code   RO          244    .text.PendSV_Handler  stm32wbxx_it.o
    0x080053f6   0x080053f6   0x00000002   PAD
    0x080053f8   0x080053f8   0x000000f4   Code   RO         1270    .text.RCC_SetFlashLatencyFromMSIRange  stm32wbxx_hal_rcc.o
    0x080054ec   0x080054ec   0x00000004   Code   RO          248    .text.RTC_WKUP_IRQHandler  stm32wbxx_it.o
    0x080054f0   0x080054f0   0x000001f2   Code   RO          190    .text.RescheduleTimerList  hw_timerserver.o
    0x080056e2   0x080056e2   0x00000002   PAD
    0x080056e4   0x080056e4   0x0000001c   Code   RO         2770    .text.SHCI_C2_BLE_Init  shci.o
    0x08005700   0x08005700   0x0000001a   Code   RO         2804    .text.SHCI_C2_Config  shci.o
    0x0800571a   0x0800571a   0x00000002   PAD
    0x0800571c   0x0800571c   0x0000001c   Code   RO         2780    .text.SHCI_C2_DEBUG_Init  shci.o
    0x08005738   0x08005738   0x000000a0   Code   RO         2810    .text.SHCI_GetWirelessFwInfo  shci.o
    0x080057d8   0x080057d8   0x0000015a   Code   RO          991    .text.SVCCTL_App_Notification  app_ble.o
    0x08005932   0x08005932   0x00000002   PAD
    0x08005934   0x08005934   0x0000001a   Code   RO         3499    .text.SVCCTL_Init   svc_ctl.o
    0x0800594e   0x0800594e   0x00000002   PAD
    0x08005950   0x08005950   0x00000094   Code   RO         1039    .text.SVCCTL_InitCustomSvc  custom_stm.o
    0x080059e4   0x080059e4   0x00000014   Code   RO         3503    .text.SVCCTL_RegisterSvcHandler  svc_ctl.o
    0x080059f8   0x080059f8   0x0000004e   Code   RO         3501    .text.SVCCTL_SvcInit  svc_ctl.o
    0x08005a46   0x08005a46   0x00000002   PAD
    0x08005a48   0x08005a48   0x0000005a   Code   RO         3507    .text.SVCCTL_UserEvtRx  svc_ctl.o
    0x08005aa2   0x08005aa2   0x00000002   PAD
    0x08005aa4   0x08005aa4   0x00000002   Code   RO          240    .text.SVC_Handler   stm32wbxx_it.o
    0x08005aa6   0x08005aa6   0x00000002   PAD
    0x08005aa8   0x08005aa8   0x00000044   Code   RO         2723    .text.SendFreeBuf   tl_mbox.o
    0x08005aec   0x08005aec   0x00000002   Code   RO          989    .text.Switch_OFF_GPIO  app_ble.o
    0x08005aee   0x08005aee   0x00000002   PAD
    0x08005af0   0x08005af0   0x00000004   Code   RO          246    .text.SysTick_Handler  stm32wbxx_it.o
    0x08005af4   0x08005af4   0x000000fe   Code   RO           23    .text.SystemClock_Config  main.o
    0x08005bf2   0x08005bf2   0x00000002   PAD
    0x08005bf4   0x08005bf4   0x00000068   Code   RO         2464    .text.SystemInit    system_stm32wbxx.o
    0x08005c5c   0x08005c5c   0x0000004e   Code   RO         2701    .text.TL_BLE_Init   tl_mbox.o
    0x08005caa   0x08005caa   0x00000002   PAD
    0x08005cac   0x08005cac   0x0000001c   Code   RO         2703    .text.TL_BLE_SendCmd  tl_mbox.o
    0x08005cc8   0x08005cc8   0x00000004   Code   RO         2697    .text.TL_Enable     tl_mbox.o
    0x08005ccc   0x08005ccc   0x00000070   Code   RO         2699    .text.TL_Init       tl_mbox.o
    0x08005d3c   0x08005d3c   0x00000020   Code   RO         2721    .text.TL_MM_EvtDone  tl_mbox.o
    0x08005d5c   0x08005d5c   0x0000004a   Code   RO         2719    .text.TL_MM_Init    tl_mbox.o
    0x08005da6   0x08005da6   0x00000002   PAD
    0x08005da8   0x08005da8   0x00000042   Code   RO         2711    .text.TL_SYS_Init   tl_mbox.o
    0x08005dea   0x08005dea   0x00000002   PAD
    0x08005dec   0x08005dec   0x0000001c   Code   RO         2713    .text.TL_SYS_SendCmd  tl_mbox.o
    0x08005e08   0x08005e08   0x00000002   Code   RO         2729    .text.TL_TRACES_EvtReceived  tl_mbox.o
    0x08005e0a   0x08005e0a   0x00000002   PAD
    0x08005e0c   0x08005e0c   0x00000024   Code   RO         2725    .text.TL_TRACES_Init  tl_mbox.o
    0x08005e30   0x08005e30   0x00000002   Code   RO         3483    .text.TPS_Init      svc_ctl.o
    0x08005e32   0x08005e32   0x00000002   PAD
    0x08005e34   0x08005e34   0x00000006   Code   RO         3439    .text.TlCmdEvtReceived  shci_tl.o
    0x08005e3a   0x08005e3a   0x00000002   PAD
    0x08005e3c   0x08005e3c   0x0000003c   Code   RO         3404    .text.TlEvtReceived  hci_tl.o
    0x08005e78   0x08005e78   0x0000001c   Code   RO         3441    .text.TlUserEvtReceived  shci_tl.o
    0x08005e94   0x08005e94   0x00000024   Code   RO          942    .text.USBD_CDC_ConfigStrDescriptor  usbd_desc.o
    0x08005eb8   0x08005eb8   0x00000072   Code   RO         2588    .text.USBD_CDC_DataIn  usbd_cdc.o
    0x08005f2a   0x08005f2a   0x00000002   PAD
    0x08005f2c   0x08005f2c   0x0000003c   Code   RO         2590    .text.USBD_CDC_DataOut  usbd_cdc.o
    0x08005f68   0x08005f68   0x00000060   Code   RO         2582    .text.USBD_CDC_DeInit  usbd_cdc.o
    0x08005fc8   0x08005fc8   0x0000000e   Code   RO          932    .text.USBD_CDC_DeviceDescriptor  usbd_desc.o
    0x08005fd6   0x08005fd6   0x00000002   PAD
    0x08005fd8   0x08005fd8   0x0000003c   Code   RO         2586    .text.USBD_CDC_EP0_RxReady  usbd_cdc.o
    0x08006014   0x08006014   0x00000010   Code   RO         2598    .text.USBD_CDC_GetDeviceQualifierDescriptor  usbd_cdc.o
    0x08006024   0x08006024   0x00000052   Code   RO         2594    .text.USBD_CDC_GetFSCfgDesc  usbd_cdc.o
    0x08006076   0x08006076   0x00000002   PAD
    0x08006078   0x08006078   0x00000056   Code   RO         2592    .text.USBD_CDC_GetHSCfgDesc  usbd_cdc.o
    0x080060ce   0x080060ce   0x00000002   PAD
    0x080060d0   0x080060d0   0x00000052   Code   RO         2596    .text.USBD_CDC_GetOtherSpeedCfgDesc  usbd_cdc.o
    0x08006122   0x08006122   0x00000002   PAD
    0x08006124   0x08006124   0x000000d2   Code   RO         2580    .text.USBD_CDC_Init  usbd_cdc.o
    0x080061f6   0x080061f6   0x00000002   PAD
    0x080061f8   0x080061f8   0x00000028   Code   RO          944    .text.USBD_CDC_InterfaceStrDescriptor  usbd_desc.o
    0x08006220   0x08006220   0x0000000e   Code   RO          934    .text.USBD_CDC_LangIDStrDescriptor  usbd_desc.o
    0x0800622e   0x0800622e   0x00000002   PAD
    0x08006230   0x08006230   0x0000002c   Code   RO          936    .text.USBD_CDC_ManufacturerStrDescriptor  usbd_desc.o
    0x0800625c   0x0800625c   0x00000030   Code   RO          938    .text.USBD_CDC_ProductStrDescriptor  usbd_desc.o
    0x0800628c   0x0800628c   0x00000034   Code   RO         2608    .text.USBD_CDC_ReceivePacket  usbd_cdc.o
    0x080062c0   0x080062c0   0x00000018   Code   RO         2600    .text.USBD_CDC_RegisterInterface  usbd_cdc.o
    0x080062d8   0x080062d8   0x0000016c   Code   RO          940    .text.USBD_CDC_SerialStrDescriptor  usbd_desc.o
    0x08006444   0x08006444   0x0000001a   Code   RO         2604    .text.USBD_CDC_SetRxBuffer  usbd_cdc.o
    0x0800645e   0x0800645e   0x00000002   PAD
    0x08006460   0x08006460   0x0000001e   Code   RO         2602    .text.USBD_CDC_SetTxBuffer  usbd_cdc.o
    0x0800647e   0x0800647e   0x00000002   PAD
    0x08006480   0x08006480   0x00000100   Code   RO         2584    .text.USBD_CDC_Setup  usbd_cdc.o
    0x08006580   0x08006580   0x0000003e   Code   RO         2606    .text.USBD_CDC_TransmitPacket  usbd_cdc.o
    0x080065be   0x080065be   0x00000002   PAD
    0x080065c0   0x080065c0   0x00000012   Code   RO         2495    .text.USBD_ClrClassConfig  usbd_core.o
    0x080065d2   0x080065d2   0x00000002   PAD
    0x080065d4   0x080065d4   0x00000004   Code   RO         2503    .text.USBD_CoreFindEP  usbd_core.o
    0x080065d8   0x080065d8   0x00000004   Code   RO         2501    .text.USBD_CoreFindIF  usbd_core.o
    0x080065dc   0x080065dc   0x00000010   Code   RO         2564    .text.USBD_CtlContinueRx  usbd_ioreq.o
    0x080065ec   0x080065ec   0x00000010   Code   RO         2560    .text.USBD_CtlContinueSendData  usbd_ioreq.o
    0x080065fc   0x080065fc   0x00000016   Code   RO         2539    .text.USBD_CtlError  usbd_ctlreq.o
    0x08006612   0x08006612   0x00000002   PAD
    0x08006614   0x08006614   0x0000001e   Code   RO         2562    .text.USBD_CtlPrepareRx  usbd_ioreq.o
    0x08006632   0x08006632   0x00000002   PAD
    0x08006634   0x08006634   0x00000016   Code   RO         2568    .text.USBD_CtlReceiveStatus  usbd_ioreq.o
    0x0800664a   0x0800664a   0x00000002   PAD
    0x0800664c   0x0800664c   0x0000001c   Code   RO         2558    .text.USBD_CtlSendData  usbd_ioreq.o
    0x08006668   0x08006668   0x00000016   Code   RO         2566    .text.USBD_CtlSendStatus  usbd_ioreq.o
    0x0800667e   0x0800667e   0x00000002   PAD
    0x08006680   0x08006680   0x00000080   Code   RO         2525    .text.USBD_GetEpDesc  usbd_core.o
    0x08006700   0x08006700   0x000000fa   Code   RO         2547    .text.USBD_GetString  usbd_ctlreq.o
    0x080067fa   0x080067fa   0x00000002   PAD
    0x080067fc   0x080067fc   0x0000002a   Code   RO         2481    .text.USBD_Init     usbd_core.o
    0x08006826   0x08006826   0x00000002   PAD
    0x08006828   0x08006828   0x00000022   Code   RO          893    .text.USBD_LL_ClearStallEP  usbd_conf.o
    0x0800684a   0x0800684a   0x00000002   PAD
    0x0800684c   0x0800684c   0x00000022   Code   RO          887    .text.USBD_LL_CloseEP  usbd_conf.o
    0x0800686e   0x0800686e   0x00000002   PAD
    0x08006870   0x08006870   0x000000ba   Code   RO         2505    .text.USBD_LL_DataInStage  usbd_core.o
    0x0800692a   0x0800692a   0x00000002   PAD
    0x0800692c   0x0800692c   0x00000080   Code   RO         2499    .text.USBD_LL_DataOutStage  usbd_core.o
    0x080069ac   0x080069ac   0x00000008   Code   RO          903    .text.USBD_LL_GetRxDataSize  usbd_conf.o
    0x080069b4   0x080069b4   0x0000009a   Code   RO          877    .text.USBD_LL_Init  usbd_conf.o
    0x08006a4e   0x08006a4e   0x00000002   PAD
    0x08006a50   0x08006a50   0x00000022   Code   RO          895    .text.USBD_LL_IsStallEP  usbd_conf.o
    0x08006a72   0x08006a72   0x00000002   PAD
    0x08006a74   0x08006a74   0x00000028   Code   RO          885    .text.USBD_LL_OpenEP  usbd_conf.o
    0x08006a9c   0x08006a9c   0x00000022   Code   RO          901    .text.USBD_LL_PrepareReceive  usbd_conf.o
    0x08006abe   0x08006abe   0x00000002   PAD
    0x08006ac0   0x08006ac0   0x00000068   Code   RO         2507    .text.USBD_LL_Reset  usbd_core.o
    0x08006b28   0x08006b28   0x00000014   Code   RO         2513    .text.USBD_LL_Resume  usbd_core.o
    0x08006b3c   0x08006b3c   0x0000001c   Code   RO         2515    .text.USBD_LL_SOF   usbd_core.o
    0x08006b58   0x08006b58   0x00000008   Code   RO         2509    .text.USBD_LL_SetSpeed  usbd_core.o
    0x08006b60   0x08006b60   0x00000022   Code   RO          897    .text.USBD_LL_SetUSBAddress  usbd_conf.o
    0x08006b82   0x08006b82   0x00000002   PAD
    0x08006b84   0x08006b84   0x00000062   Code   RO         2497    .text.USBD_LL_SetupStage  usbd_core.o
    0x08006be6   0x08006be6   0x00000002   PAD
    0x08006be8   0x08006be8   0x00000022   Code   RO          891    .text.USBD_LL_StallEP  usbd_conf.o
    0x08006c0a   0x08006c0a   0x00000002   PAD
    0x08006c0c   0x08006c0c   0x00000022   Code   RO          881    .text.USBD_LL_Start  usbd_conf.o
    0x08006c2e   0x08006c2e   0x00000002   PAD
    0x08006c30   0x08006c30   0x0000001c   Code   RO         2511    .text.USBD_LL_Suspend  usbd_core.o
    0x08006c4c   0x08006c4c   0x00000022   Code   RO          899    .text.USBD_LL_Transmit  usbd_conf.o
    0x08006c6e   0x08006c6e   0x00000002   PAD
    0x08006c70   0x08006c70   0x00000016   Code   RO         2545    .text.USBD_ParseSetupRequest  usbd_ctlreq.o
    0x08006c86   0x08006c86   0x00000002   PAD
    0x08006c88   0x08006c88   0x00000042   Code   RO         2485    .text.USBD_RegisterClass  usbd_core.o
    0x08006cca   0x08006cca   0x00000002   PAD
    0x08006ccc   0x08006ccc   0x00000010   Code   RO         2493    .text.USBD_SetClassConfig  usbd_core.o
    0x08006cdc   0x08006cdc   0x00000004   Code   RO         2487    .text.USBD_Start    usbd_core.o
    0x08006ce0   0x08006ce0   0x00000380   Code   RO         2537    .text.USBD_StdDevReq  usbd_ctlreq.o
    0x08007060   0x08007060   0x0000016c   Code   RO         2543    .text.USBD_StdEPReq  usbd_ctlreq.o
    0x080071cc   0x080071cc   0x00000094   Code   RO         2541    .text.USBD_StdItfReq  usbd_ctlreq.o
    0x08007260   0x08007260   0x00000002   Code   RO          911    .text.USBD_static_free  usbd_conf.o
    0x08007262   0x08007262   0x00000002   PAD
    0x08007264   0x08007264   0x0000000a   Code   RO          909    .text.USBD_static_malloc  usbd_conf.o
    0x0800726e   0x0800726e   0x00000002   PAD
    0x08007270   0x08007270   0x000002de   Code   RO         1228    .text.USB_ActivateEndpoint  stm32wbxx_ll_usb.o
    0x0800754e   0x0800754e   0x00000002   PAD
    0x08007550   0x08007550   0x000000e2   Code   RO         1230    .text.USB_DeactivateEndpoint  stm32wbxx_ll_usb.o
    0x08007632   0x08007632   0x00000002   PAD
    0x08007634   0x08007634   0x00000012   Code   RO         1246    .text.USB_DevConnect  stm32wbxx_ll_usb.o
    0x08007646   0x08007646   0x00000002   PAD
    0x08007648   0x08007648   0x0000001a   Code   RO         1222    .text.USB_DevInit   stm32wbxx_ll_usb.o
    0x08007662   0x08007662   0x00000002   PAD
    0x08007664   0x08007664   0x00000014   Code   RO         1218    .text.USB_DisableGlobalInt  stm32wbxx_ll_usb.o
    0x08007678   0x08007678   0x0000007c   Code   RO         1238    .text.USB_EPClearStall  stm32wbxx_ll_usb.o
    0x080076f4   0x080076f4   0x00000032   Code   RO         1236    .text.USB_EPSetStall  stm32wbxx_ll_usb.o
    0x08007726   0x08007726   0x00000002   PAD
    0x08007728   0x08007728   0x000006ae   Code   RO         1232    .text.USB_EPStartXfer  stm32wbxx_ll_usb.o
    0x08007dd6   0x08007dd6   0x00000002   PAD
    0x08007dd8   0x08007dd8   0x00000014   Code   RO         1216    .text.USB_EnableGlobalInt  stm32wbxx_ll_usb.o
    0x08007dec   0x08007dec   0x0000000c   Code   RO          250    .text.USB_LP_IRQHandler  stm32wbxx_it.o
    0x08007df8   0x08007df8   0x00000006   Code   RO         1250    .text.USB_ReadInterrupts  stm32wbxx_ll_usb.o
    0x08007dfe   0x08007dfe   0x00000002   PAD
    0x08007e00   0x08007e00   0x0000009c   Code   RO         1256    .text.USB_ReadPMA   stm32wbxx_ll_usb.o
    0x08007e9c   0x08007e9c   0x0000000e   Code   RO         1244    .text.USB_SetDevAddress  stm32wbxx_ll_usb.o
    0x08007eaa   0x08007eaa   0x00000002   PAD
    0x08007eac   0x08007eac   0x00000082   Code   RO         1234    .text.USB_WritePMA  stm32wbxx_ll_usb.o
    0x08007f2e   0x08007f2e   0x00000002   PAD
    0x08007f30   0x08007f30   0x00000010   Code   RO         2621    .text.UTIL_LPM_Init  stm32_lpm.o
    0x08007f40   0x08007f40   0x0000002e   Code   RO         2627    .text.UTIL_LPM_SetOffMode  stm32_lpm.o
    0x08007f6e   0x08007f6e   0x00000002   PAD
    0x08007f70   0x08007f70   0x00000002   Code   RO         2654    .text.UTIL_SEQ_CatchWarning  stm32_seq.o
    0x08007f72   0x08007f72   0x00000002   PAD
    0x08007f74   0x08007f74   0x00000006   Code   RO         2682    .text.UTIL_SEQ_EvtIdle  stm32_seq.o
    0x08007f7a   0x08007f7a   0x00000002   PAD
    0x08007f7c   0x08007f7c   0x00000002   Code   RO          147    .text.UTIL_SEQ_Idle  app_entry.o
    0x08007f7e   0x08007f7e   0x00000002   PAD
    0x08007f80   0x08007f80   0x00000020   Code   RO         2670    .text.UTIL_SEQ_PauseTask  stm32_seq.o
    0x08007fa0   0x08007fa0   0x00000002   Code   RO         2660    .text.UTIL_SEQ_PostIdle  stm32_seq.o
    0x08007fa2   0x08007fa2   0x00000002   PAD
    0x08007fa4   0x08007fa4   0x00000002   Code   RO         2652    .text.UTIL_SEQ_PostTask  stm32_seq.o
    0x08007fa6   0x08007fa6   0x00000002   PAD
    0x08007fa8   0x08007fa8   0x00000002   Code   RO         2656    .text.UTIL_SEQ_PreIdle  stm32_seq.o
    0x08007faa   0x08007faa   0x00000002   PAD
    0x08007fac   0x08007fac   0x00000002   Code   RO         2650    .text.UTIL_SEQ_PreTask  stm32_seq.o
    0x08007fae   0x08007fae   0x00000002   PAD
    0x08007fb0   0x08007fb0   0x00000026   Code   RO         2662    .text.UTIL_SEQ_RegTask  stm32_seq.o
    0x08007fd6   0x08007fd6   0x00000002   PAD
    0x08007fd8   0x08007fd8   0x0000001e   Code   RO         2674    .text.UTIL_SEQ_ResumeTask  stm32_seq.o
    0x08007ff6   0x08007ff6   0x00000002   PAD
    0x08007ff8   0x08007ff8   0x000001d0   Code   RO         2646    .text.UTIL_SEQ_Run  stm32_seq.o
    0x080081c8   0x080081c8   0x0000001e   Code   RO         2676    .text.UTIL_SEQ_SetEvt  stm32_seq.o
    0x080081e6   0x080081e6   0x00000002   PAD
    0x080081e8   0x080081e8   0x00000028   Code   RO         2666    .text.UTIL_SEQ_SetTask  stm32_seq.o
    0x08008210   0x08008210   0x00000058   Code   RO         2680    .text.UTIL_SEQ_WaitEvt  stm32_seq.o
    0x08008268   0x08008268   0x00000002   Code   RO          238    .text.UsageFault_Handler  stm32wbxx_it.o
    0x0800826a   0x0800826a   0x00000002   PAD
    0x0800826c   0x0800826c   0x00000002   Code   RO         3489    .text.ZDD_STM_Init  svc_ctl.o
    0x0800826e   0x0800826e   0x00000002   PAD
    0x08008270   0x08008270   0x00000040   Code   RO         2947    .text.aci_gap_configure_filter_accept_list  ble_gap_aci.o
    0x080082b0   0x080082b0   0x0000008c   Code   RO         2931    .text.aci_gap_init  ble_gap_aci.o
    0x0800833c   0x0800833c   0x00000050   Code   RO         2981    .text.aci_gap_numeric_comparison_value_confirm_yesno  ble_gap_aci.o
    0x0800838c   0x0800838c   0x00000050   Code   RO         2927    .text.aci_gap_pass_key_resp  ble_gap_aci.o
    0x080083dc   0x080083dc   0x00000078   Code   RO         2923    .text.aci_gap_set_authentication_requirement  ble_gap_aci.o
    0x08008454   0x08008454   0x0000009e   Code   RO         2917    .text.aci_gap_set_discoverable  ble_gap_aci.o
    0x080084f2   0x080084f2   0x00000002   PAD
    0x080084f4   0x080084f4   0x0000004a   Code   RO         2921    .text.aci_gap_set_io_capability  ble_gap_aci.o
    0x0800853e   0x0800853e   0x00000002   PAD
    0x08008540   0x08008540   0x00000040   Code   RO         2913    .text.aci_gap_set_non_discoverable  ble_gap_aci.o
    0x08008580   0x08008580   0x00000056   Code   RO         2939    .text.aci_gap_update_adv_data  ble_gap_aci.o
    0x080085d6   0x080085d6   0x00000002   PAD
    0x080085d8   0x080085d8   0x000000de   Code   RO         3033    .text.aci_gatt_add_char  ble_gatt_aci.o
    0x080086b6   0x080086b6   0x00000002   PAD
    0x080086b8   0x080086b8   0x000000c0   Code   RO         3029    .text.aci_gatt_add_service  ble_gatt_aci.o
    0x08008778   0x08008778   0x0000004c   Code   RO         3099    .text.aci_gatt_confirm_indication  ble_gatt_aci.o
    0x080087c4   0x080087c4   0x00000040   Code   RO         3027    .text.aci_gatt_init  ble_gatt_aci.o
    0x08008804   0x08008804   0x00000068   Code   RO         3037    .text.aci_gatt_update_char_value  ble_gatt_aci.o
    0x0800886c   0x0800886c   0x0000004c   Code   RO         3145    .text.aci_hal_set_radio_activity_mask  ble_hal_aci.o
    0x080088b8   0x080088b8   0x00000050   Code   RO         3135    .text.aci_hal_set_tx_power_level  ble_hal_aci.o
    0x08008908   0x08008908   0x0000005c   Code   RO         3131    .text.aci_hal_write_config_data  ble_hal_aci.o
    0x08008964   0x08008964   0x000000d6   Code   RO          274    .text.bno055_init   bno055.o
    0x08008a3a   0x08008a3a   0x00000002   PAD
    0x08008a3c   0x08008a3c   0x00000086   Code   RO          302    .text.bno055_read_accel_xyz  bno055.o
    0x08008ac2   0x08008ac2   0x00000002   PAD
    0x08008ac4   0x08008ac4   0x00000086   Code   RO          326    .text.bno055_read_euler_hrp  bno055.o
    0x08008b4a   0x08008b4a   0x00000002   PAD
    0x08008b4c   0x08008b4c   0x00000086   Code   RO          318    .text.bno055_read_gyro_xyz  bno055.o
    0x08008bd2   0x08008bd2   0x00000002   PAD
    0x08008bd4   0x08008bd4   0x0000011c   Code   RO          558    .text.bno055_set_operation_mode  bno055.o
    0x08008cf0   0x08008cf0   0x00000006   Code   RO          997    .text.hci_cmd_resp_release  app_ble.o
    0x08008cf6   0x08008cf6   0x00000002   PAD
    0x08008cf8   0x08008cf8   0x00000006   Code   RO          999    .text.hci_cmd_resp_wait  app_ble.o
    0x08008cfe   0x08008cfe   0x00000002   PAD
    0x08008d00   0x08008d00   0x0000006a   Code   RO         3392    .text.hci_init      hci_tl.o
    0x08008d6a   0x08008d6a   0x00000002   PAD
    0x08008d6c   0x08008d6c   0x00000074   Code   RO         3297    .text.hci_le_read_phy  ble_hci_le.o
    0x08008de0   0x08008de0   0x00000054   Code   RO         3299    .text.hci_le_set_default_phy  ble_hci_le.o
    0x08008e34   0x08008e34   0x00000008   Code   RO          995    .text.hci_notify_asynch_evt  app_ble.o
    0x08008e3c   0x08008e3c   0x00000016   Code   RO         3419    .text.hci_register_io_bus  hci_tl_if.o
    0x08008e52   0x08008e52   0x00000002   PAD
    0x08008e54   0x08008e54   0x0000003e   Code   RO         3189    .text.hci_reset     ble_hci_le.o
    0x08008e92   0x08008e92   0x00000002   PAD
    0x08008e94   0x08008e94   0x000000f4   Code   RO         3398    .text.hci_send_req  hci_tl.o
    0x08008f88   0x08008f88   0x00000086   Code   RO         3394    .text.hci_user_evt_proc  hci_tl.o
    0x0800900e   0x0800900e   0x00000002   PAD
    0x08009010   0x08009010   0x00000374   Code   RO           21    .text.main          main.o
    0x08009384   0x08009384   0x00000006   Code   RO          151    .text.shci_cmd_resp_release  app_entry.o
    0x0800938a   0x0800938a   0x00000002   PAD
    0x0800938c   0x0800938c   0x00000006   Code   RO          153    .text.shci_cmd_resp_wait  app_entry.o
    0x08009392   0x08009392   0x00000002   PAD
    0x08009394   0x08009394   0x0000007a   Code   RO         3427    .text.shci_init     shci_tl.o
    0x0800940e   0x0800940e   0x00000002   PAD
    0x08009410   0x08009410   0x00000008   Code   RO          149    .text.shci_notify_asynch_evt  app_entry.o
    0x08009418   0x08009418   0x00000016   Code   RO         3455    .text.shci_register_io_bus  shci_tl_if.o
    0x0800942e   0x0800942e   0x00000002   PAD
    0x08009430   0x08009430   0x00000090   Code   RO         3433    .text.shci_send     shci_tl.o
    0x080094c0   0x080094c0   0x00000086   Code   RO         3429    .text.shci_user_evt_proc  shci_tl.o
    0x08009546   0x08009546   0x00000002   PAD
    0x08009548   0x08009548   0x00000080   Code   RO           27    .text.usb_printf    main.o
    0x080095c8   0x080095c8   0x00000034   Code   RO         4083    i.__0vsnprintf      mc_w.l(printfa.o)
    0x080095fc   0x080095fc   0x0000000e   Code   RO         4171    i.__scatterload_copy  mc_w.l(handlers.o)
    0x0800960a   0x0800960a   0x00000002   Code   RO         4172    i.__scatterload_null  mc_w.l(handlers.o)
    0x0800960c   0x0800960c   0x0000000e   Code   RO         4173    i.__scatterload_zeroinit  mc_w.l(handlers.o)
    0x0800961a   0x0800961a   0x00000002   PAD
    0x0800961c   0x0800961c   0x00000184   Code   RO         4085    i._fp_digits        mc_w.l(printfa.o)
    0x080097a0   0x080097a0   0x000006dc   Code   RO         4086    i._printf_core      mc_w.l(printfa.o)
    0x08009e7c   0x08009e7c   0x00000024   Code   RO         4087    i._printf_post_padding  mc_w.l(printfa.o)
    0x08009ea0   0x08009ea0   0x0000002e   Code   RO         4088    i._printf_pre_padding  mc_w.l(printfa.o)
    0x08009ece   0x08009ece   0x00000016   Code   RO         4089    i._snputc           mc_w.l(printfa.o)
    0x08009ee4   0x08009ee4   0x0000001b   Data   RO          174    .rodata..L__const.APPD_EnableCPU2.DebugCmdPacket  app_debug.o
    0x08009eff   0x08009eff   0x00000001   PAD
    0x08009f00   0x08009f00   0x0000003b   Data   RO         1009    .rodata..L__const.APP_BLE_Init.ble_init_cmd_packet  app_ble.o
    0x08009f3b   0x08009f3b   0x00000001   PAD
    0x08009f3c   0x08009f3c   0x00000040   Data   RO         2469    .rodata.AHBPrescTable  system_stm32wbxx.o
    0x08009f7c   0x08009f7c   0x00000040   Data   RO         2471    .rodata.MSIRangeTable  system_stm32wbxx.o
    0x08009fbc   0x08009fbc   0x00000130   Data   RO          172    .rodata.aGpioConfigList  app_debug.o
    0x0800a0ec   0x0800a0ec   0x00000010   Data   RO         1014    .rodata.a_BLE_CfgErValue  app_ble.o
    0x0800a0fc   0x0800a0fc   0x00000010   Data   RO         1013    .rodata.a_BLE_CfgIrValue  app_ble.o
    0x0800a10c   0x0800a10c   0x00000006   Data   RO         1016    .rodata.a_MBdAddr   app_ble.o
    0x0800a112   0x0800a112   0x0000002e   Data   RO           32    .rodata.str1.1      main.o
    0x0800a140   0x0800a140   0x00000030   Data   RO         4170    Region$$Table       anon$$obj.o


    Execution Region RW_IRAM1 (Exec base: 0x20000008, Load base: 0x0800a170, Size: 0x00002538, Max: 0x0002fff8, ABSOLUTE, COMPRESSED[0x000000e0])

    Exec Addr    Load Addr    Size         Type   Attr      Idx    E Section Name        Object

    0x20000008   COMPRESSED   0x0000001a   Data   RW         1017    .data..L_MergedGlobals  app_ble.o
    0x20000022   COMPRESSED   0x00000002   PAD
    0x20000024   COMPRESSED   0x00000008   Data   RW         1829    .data..L_MergedGlobals  stm32wbxx_hal.o
    0x2000002c   COMPRESSED   0x00000008   Data   RW         2687    .data..L_MergedGlobals  stm32_seq.o
    0x20000034   COMPRESSED   0x00000020   Data   RW          946    .data.CDC_Desc      usbd_desc.o
    0x20000054   COMPRESSED   0x00000002   Data   RW         1049    .data.SizeMycharwrite  custom_stm.o
    0x20000056   COMPRESSED   0x00000002   PAD
    0x20000058   COMPRESSED   0x00000004   Data   RW         2468    .data.SystemCoreClock  system_stm32wbxx.o
    0x2000005c   COMPRESSED   0x00000038   Data   RW         2610    .data.USBD_CDC      usbd_cdc.o
    0x20000094   COMPRESSED   0x00000043   Data   RW         2612    .data.USBD_CDC_CfgDesc  usbd_cdc.o
    0x200000d7   COMPRESSED   0x00000001   PAD
    0x200000d8   COMPRESSED   0x00000012   Data   RW          947    .data.USBD_CDC_DeviceDesc  usbd_desc.o
    0x200000ea   COMPRESSED   0x00000002   PAD
    0x200000ec   COMPRESSED   0x0000000a   Data   RW         2611    .data.USBD_CDC_DeviceQualifierDesc  usbd_cdc.o
    0x200000f6   COMPRESSED   0x00000002   PAD
    0x200000f8   COMPRESSED   0x00000014   Data   RW          972    .data.USBD_Interface_fops_FS  usbd_cdc_if.o
    0x2000010c   COMPRESSED   0x00000004   Data   RW          948    .data.USBD_LangIDDesc  usbd_desc.o
    0x20000110   COMPRESSED   0x0000001a   Data   RW          949    .data.USBD_StringSerial  usbd_desc.o
    0x2000012a   COMPRESSED   0x00000006   Data   RW         3383    BLE_DRIVER_CONTEXT  p2p_stm.o
    0x20000130   COMPRESSED   0x00000010   Data   RW         3408    BLE_DRIVER_CONTEXT  hci_tl.o
    0x20000140   COMPRESSED   0x00000021   Data   RW         3509    BLE_DRIVER_CONTEXT  svc_ctl.o
    0x20000161   COMPRESSED   0x00000003   PAD
    0x20000164   COMPRESSED   0x00000011   Data   RW         3445    SYSTEM_DRIVER_CONTEXT  shci_tl.o
    0x20000175   COMPRESSED   0x00000003   PAD
    0x20000178        -       0x00000010   Zero   RW          201    .bss..L_MergedGlobals  hw_timerserver.o
    0x20000188        -       0x00000008   Zero   RW         2633    .bss..L_MergedGlobals  stm32_lpm.o
    0x20000190        -       0x0000001c   Zero   RW         2688    .bss..L_MergedGlobals.1  stm32_seq.o
    0x200001ac        -       0x00000004   Zero   RW         2735    .bss.BLE_IoBusAclDataTxAck  tl_mbox.o
    0x200001b0        -       0x00000004   Zero   RW         2734    .bss.BLE_IoBusEvtCallBackFunction  tl_mbox.o
    0x200001b4        -       0x00000084   Zero   RW         1010    .bss.BleApplicationContext  app_ble.o
    0x20000238        -       0x00000001   Zero   RW         3409    .bss.CmdRspStatusFlag  hci_tl.o
    0x20000239        -       0x00000001   Zero   RW         3446    .bss.CmdRspStatusFlag  shci_tl.o
    0x2000023a        -       0x00000004   Zero   RW         1050    .bss.CustomContext  custom_stm.o
    0x2000023e   COMPRESSED   0x00000002   PAD
    0x20000240        -       0x00000004   Zero   RW         1107    .bss.FreeBufCb      hw_ipcc.o
    0x20000244        -       0x00000004   Zero   RW         1011    .bss.HandleNotification  app_ble.o
    0x20000248        -       0x00000008   Zero   RW         3410    .bss.HciCmdEventQueue  hci_tl.o
    0x20000250        -       0x00000008   Zero   RW         2739    .bss.LocalFreeBufQueue  tl_mbox.o
    0x20000258        -       0x00000004   Zero   RW         2736    .bss.SYS_CMD_IoBusCallBackFunction  tl_mbox.o
    0x2000025c        -       0x00000004   Zero   RW         2737    .bss.SYS_EVT_IoBusCallBackFunction  tl_mbox.o
    0x20000260        -       0x00000004   Zero   RW         3406    .bss.StatusNotCallBackFunction  hci_tl.o
    0x20000264        -       0x00000004   Zero   RW         3443    .bss.StatusNotCallBackFunction  shci_tl.o
    0x20000268        -       0x00000004   Zero   RW         2738    .bss.TL_MM_Init.p_mem_manager_table  tl_mbox.o
    0x2000026c        -       0x00000080   Zero   RW         2686    .bss.TaskCb         stm32_seq.o
    0x200002ec        -       0x00000001   Zero   RW         2549    .bss.USBD_SetConfig.cfgidx  usbd_ctlreq.o
    0x200002ed   COMPRESSED   0x00000003   PAD
    0x200002f0        -       0x00000200   Zero   RW          950    .bss.USBD_StrDesc   usbd_desc.o
    0x200004f0        -       0x00000220   Zero   RW          914    .bss.USBD_static_malloc.mem  usbd_conf.o
    0x20000710        -       0x00000800   Zero   RW          973    .bss.UserRxBufferFS  usbd_cdc_if.o
    0x20000f10        -       0x00000800   Zero   RW          974    .bss.UserTxBufferFS  usbd_cdc_if.o
    0x20001710        -       0x00000090   Zero   RW          200    .bss.aTimerContext  hw_timerserver.o
    0x200017a0        -       0x00000006   Zero   RW         1015    .bss.a_BdAddrUdn    app_ble.o
    0x200017a6   COMPRESSED   0x00000002   PAD
    0x200017a8        -       0x00000018   Zero   RW           31    .bss.bno            main.o
    0x200017c0        -       0x00000001   Zero   RW          971    .bss.g_cdc_ready    usbd_cdc_if.o
    0x200017c1   COMPRESSED   0x00000003   PAD
    0x200017c4        -       0x000002dc   Zero   RW          925    .bss.hUsbDeviceFS   usb_device.o
    0x20001aa0        -       0x00000064   Zero   RW           58    .bss.hadc1          adc.o
    0x20001b04        -       0x00000020   Zero   RW         3407    .bss.hciContext     hci_tl.o
    0x20001b24        -       0x00000054   Zero   RW           73    .bss.hi2c1          i2c.o
    0x20001b78        -       0x0000003c   Zero   RW           88    .bss.hipcc          ipcc.o
    0x20001bb4        -       0x000002dc   Zero   RW          913    .bss.hpcd_USB_FS    usbd_conf.o
    0x20001e90        -       0x00000024   Zero   RW          111    .bss.hrtc           rtc.o
    0x20001eb4        -       0x00000064   Zero   RW          126    .bss.hspi1          spi.o
    0x20001f18        -       0x00000004   Zero   RW          824    .bss.p_bno055       bno055.o
    0x20001f1c        -       0x00000020   Zero   RW         3444    .bss.shciContext    shci_tl.o
    0x20001f3c        -       0x00000200   Zero   RW           33    .bss.usb_printf.buf  main.o
    0x2000213c        -       0x00000004   Zero   RW         1828    .bss.uwTick         stm32wbxx_hal.o
    0x20002140        -       0x00000400   Zero   RW            1    STACK               startup_stm32wb55xx_cm4.o


    Execution Region RW_RAM_SHARED (Exec base: 0x20030000, Load base: 0x0800a250, Size: 0x00000a68, Max: 0x00002800, ABSOLUTE, COMPRESSED[0x00000018])

    Exec Addr    Load Addr    Size         Type   Attr      Idx    E Section Name        Object

    0x20030000   COMPRESSED   0x00000028   Data   RW         2732    MAPPING_TABLE       tl_mbox.o
    0x20030028   COMPRESSED   0x0000010b   Data   RW         1012    MB_MEM1             app_ble.o
    0x20030133   COMPRESSED   0x00000001   PAD
    0x20030134   COMPRESSED   0x000000b0   Data   RW         2731    MB_MEM1             tl_mbox.o
    0x200301e4   COMPRESSED   0x00000860   Data   RW          159    MB_MEM2             app_entry.o
    0x20030a44   COMPRESSED   0x00000012   Data   RW          173    MB_MEM2             app_debug.o
    0x20030a56   COMPRESSED   0x00000002   PAD
    0x20030a58   COMPRESSED   0x0000000f   Data   RW         2733    MB_MEM2             tl_mbox.o


==============================================================================

Image component sizes


      Code (inc. data)   RO Data    RW Data    ZI Data      Debug   Object Name

       278          0          0          0        100       7894   adc.o
      1120         12         97        293        142      12577   app_ble.o
        60          0        331         18          0       4794   app_debug.o
       474          0          0       2144          0      13447   app_entry.o
       866          0          0          0          0      37039   ble_gap_aci.o
       658          0          0          0          0      33739   ble_gatt_aci.o
       248          0          0          0          0      11625   ble_hal_aci.o
       262          0          0          0          0      44828   ble_hci_le.o
       900          0          0          0          4     312788   bno055.o
         6          0          0          0          0       1709   custom_app.o
       202          0          0          2          4       4547   custom_stm.o
       238          0          0          0          0       3212   gpio.o
       544          0          0         16         45       5816   hci_tl.o
        22          0          0          0          0       1004   hci_tl_if.o
       594          0          0          0          4      10356   hw_ipcc.o
      2040          0          0          0        160      14267   hw_timerserver.o
       246          0          0          0         84       7547   i2c.o
       118          0          0          0         60       5506   ipcc.o
      1376        156         46          0        536      12563   main.o
        30          0          0          0          0       1150   osal.o
        40          0          0          0          0        711   otp.o
         4          0          0          0          0       1566   p2p_server_app.o
       320          0          0          6          0       3707   p2p_stm.o
         2          0          0          0          0        345   rf.o
       194          0          0          0         36       7161   rtc.o
       242          0          0          0          0      17491   shci.o
       434          0          0         17         37       4968   shci_tl.o
        22          0          0          0          0       1009   shci_tl_if.o
       178          0          0          0        100       6557   spi.o
        36          8        316          0       1024        836   startup_stm32wb55xx_cm4.o
        62          0          0          0          8       2568   stm32_lpm.o
       738          0          0          8        156       8180   stm32_seq.o
       180          0          0          8          4      13684   stm32wbxx_hal.o
      1396          0          0          0          0      26421   stm32wbxx_hal_adc.o
       322          0          0          0          0      10036   stm32wbxx_hal_cortex.o
       406          0          0          0          0       4907   stm32wbxx_hal_gpio.o
        24          0          0          0          0       3225   stm32wbxx_hal_hsem.o
      2154          0          0          0          0      58217   stm32wbxx_hal_i2c.o
       146          0          0          0          0       5766   stm32wbxx_hal_i2c_ex.o
       108          0          0          0          0       7333   stm32wbxx_hal_ipcc.o
        50          0          0          0          0       4049   stm32wbxx_hal_msp.o
      3518          0          0          0          0      15980   stm32wbxx_hal_pcd.o
       100          0          0          0          0       5583   stm32wbxx_hal_pcd_ex.o
        18          0          0          0          0       5641   stm32wbxx_hal_pwr.o
        34          0          0          0          0      14137   stm32wbxx_hal_pwr_ex.o
      3002         16          0          0          0      22451   stm32wbxx_hal_rcc.o
      1094          0          0          0          0      25699   stm32wbxx_hal_rcc_ex.o
       262          0          0          0          0      16157   stm32wbxx_hal_rtc.o
       338          0          0          0          0      14852   stm32wbxx_hal_rtc_ex.o
       220          0          0          0          0      25237   stm32wbxx_hal_spi.o
        48          0          0          0          0       4507   stm32wbxx_it.o
      3234          4          0          0          0      20196   stm32wbxx_ll_usb.o
       134          0          0          0          0       4463   stm_list.o
       246          0          0         33          0       4246   svc_ctl.o
       104          0        128          4          0       3499   system_stm32wbxx.o
       750          0          0        231         28       8393   tl_mbox.o
       114          0          0          0        732       3199   usb_device.o
      1256         12          0        133          0      11548   usbd_cdc.o
       154          0          0         20       4097       5020   usbd_cdc_if.o
       894          0          0          0       1276      20099   usbd_conf.o
       882          0          0          0          0      10929   usbd_core.o
      1702         44          0          0          1      10449   usbd_ctlreq.o
       560         72          0         80        512       4317   usbd_desc.o
       134          0          0          0          0       4742   usbd_ioreq.o

    ----------------------------------------------------------------------
     36496        324        968       3032       9160     996489   Object Totals
         0          0         48          0          0          0   (incl. Generated)
       358          0          2         19         10          0   (incl. Padding)

    ----------------------------------------------------------------------

      Code (inc. data)   RO Data    RW Data    ZI Data      Debug   Library Member Name

        58          0          0          0          0          0   __dczerorl.o
         0          0          0          0          0          0   entry.o
         0          0          0          0          0          0   entry10a.o
         0          0          0          0          0          0   entry11a.o
         8          4          0          0          0          0   entry2.o
         4          0          0          0          0          0   entry5.o
         0          0          0          0          0          0   entry7b.o
         0          0          0          0          0          0   entry8b.o
         8          4          0          0          0          0   entry9a.o
        30          0          0          0          0          0   handlers.o
        36          8          0          0          0         68   init.o
         0          0          0          0          0          0   iusefp.o
        30          0          0          0          0         68   llshl.o
        36          0          0          0          0         68   llsshr.o
        32          0          0          0          0         68   llushr.o
        36          0          0          0          0         68   memcpya.o
        36          0          0          0          0        108   memseta.o
      2300         86          0          0          0        516   printfa.o
        44          0          0          0          0         80   uidiv.o
        98          0          0          0          0         92   uldiv.o
        48          0          0          0          0         68   cdrcmple.o
       334          0          0          0          0        148   dadd.o
       222          0          0          0          0        100   ddiv.o
       186          0          0          0          0        176   depilogue.o
        48          0          0          0          0         68   dfixul.o
       228          0          0          0          0         96   dmul.o
        38          0          0          0          0         68   f2d.o

    ----------------------------------------------------------------------
      3864        102          0          0          0       1860   Library Totals
         4          0          0          0          0          0   (incl. Padding)

    ----------------------------------------------------------------------

      Code (inc. data)   RO Data    RW Data    ZI Data      Debug   Library Name

      2756        102          0          0          0       1136   mc_w.l
      1104          0          0          0          0        724   mf_w.l

    ----------------------------------------------------------------------
      3864        102          0          0          0       1860   Library Totals

    ----------------------------------------------------------------------

==============================================================================


      Code (inc. data)   RO Data    RW Data    ZI Data      Debug   

     40360        426        968       3032       9160     996457   Grand Totals
     40360        426        968        248       9160     996457   ELF Image Totals (compressed)
     40360        426        968        248          0          0   ROM Totals

==============================================================================

    Total RO  Size (Code + RO Data)                41328 (  40.36kB)
    Total RW  Size (RW Data + ZI Data)             12192 (  11.91kB)
    Total ROM Size (Code + RO Data + RW Data)      41576 (  40.60kB)

==============================================================================

